<html>
<body>
<pre>
<h1>µVision Build Log</h1>
<h2>Tool Versions:</h2>
IDE-Version: µVision V5.25.2.0
Copyright (C) 2018 ARM Ltd and ARM Germany GmbH. All rights reserved.
License Information: Hancy W, vm, LIC=ZB4HL-0K1T1-SBKEJ-UUC54-F38TL-Y7MC8
 
Tool Versions:
Toolchain:       MDK-ARM Plus  Version: 5.25.2.0
Toolchain Path:  D:\Keil_v5\ARM\ARMCC\Bin
C Compiler:      Armcc.exe V5.06 update 6 (build 750)
Assembler:       Armasm.exe V5.06 update 6 (build 750)
Linker/Locator:  ArmLink.exe V5.06 update 6 (build 750)
Library Manager: ArmAr.exe V5.06 update 6 (build 750)
Hex Converter:   FromElf.exe V5.06 update 6 (build 750)
CPU DLL:         SARMCM3.DLL V5.25.2.0
Dialog DLL:      DARMCM1.DLL V1.19.1.0
Target DLL:      STLink\ST-LINKIII-KEIL_SWO.dll V3.0.1.0
Dialog DLL:      TARMCM1.DLL V1.14.0.0
 
<h2>Project:</h2>
D:\Users\LENOVO\Documents\GitHub\EMD_Slaver_newUI_TEST_SENSOR\EAR_F030\User\STM32F030Demo.uvprojx
Project File Date:  03/22/2019

<h2>Output:</h2>
*** Using Compiler 'V5.06 update 6 (build 750)', folder: 'D:\Keil_v5\ARM\ARMCC\Bin'
Rebuild target 'Stm32f030demo'
compiling app.c...
compiling common.c...
compiling stm32f0xx_it.c...
compiling iwtdg.c...
compiling delay.c...
compiling system_stm32f0xx.c...
compiling honeywell_sampling_data.c...
compiling main.c...
compiling key_led_task.c...
compiling protocol_module.c...
compiling comm_task.c...
assembling startup_stm32f0xx.s...
compiling fifo.c...
compiling CMD_Receive.c...
compiling i2c.c...
..\APP\i2c.c(281): warning:  #550-D: variable "data_staus"  was set but never used
  	INT8U data_staus,data23_16,data15_8,data7_0;
..\APP\i2c.c: 1 warning, 0 errors
compiling os_core.c...
compiling serial_port.c...
compiling rtc.c...
compiling Motor_pwm.c...
compiling hardware.c...
compiling stm32f0xx_gpio.c...
compiling stm32f0xx_misc.c...
compiling stm32f0xx_rcc.c...
compiling stm32f0xx_usart.c...
compiling stm32f0xx_dma.c...
compiling stm32f0xx_exti.c...
compiling stm32f0xx_pwr.c...
compiling stm32f0xx_syscfg.c...
compiling stm32f0xx_iwdg.c...
compiling stm32f0xx_adc.c...
compiling stm32f0xx_tim.c...
compiling stm32f0xx_flash.c...
compiling stm32f0xx_rtc.c...
linking...
Program Size: Code=20882 RO-data=666 RW-data=196 ZI-data=5884  
FromELF: creating hex file...
"..\OBJ\STM32F071.axf" - 0 Error(s), 1 Warning(s).

<h2>Software Packages used:</h2>

Package Vendor: ARM
                http://www.keil.com/pack/ARM.CMSIS.5.3.0.pack
                ARM.CMSIS.5.3.0
                CMSIS (Cortex Microcontroller Software Interface Standard)
   * Component: CORE Version: 5.1.1

Package Vendor: Keil
                http://www.keil.com/pack/Keil.STM32F0xx_DFP.2.0.0.pack
                Keil.STM32F0xx_DFP.2.0.0
                STMicroelectronics STM32F0 Series Device Support, Drivers and Examples

<h2>Collection of Component include folders:</h2>
  .\RTE\_Stm32f030demo
  D:\Keil_v5\ARM\PACK\ARM\CMSIS\5.3.0\CMSIS\Include
  D:\Keil_v5\ARM\PACK\Keil\STM32F0xx_DFP\2.0.0\Drivers\CMSIS\Device\ST\STM32F0xx\Include

<h2>Collection of Component Files used:</h2>

   * Component: ARM::CMSIS:CORE:5.1.1
Build Time Elapsed:  00:00:03
</pre>
</body>
</html>
