Component: ARM Compiler 5.06 update 6 (build 750) Tool: armlink [4d35ed]

==============================================================================

Section Cross References

    main.o(.text) refers to delay.o(.text) for delay_init
    main.o(.text) refers to os_core.o(.text) for os_init
    main.o(.text) refers to key_led_task.o(.text) for EnterStopMode
    main.o(.text) refers to app.o(.text) for init_task
    stm32f0xx_it.o(.text) refers to stm32f0xx_tim.o(.text) for TIM_GetITStatus
    stm32f0xx_it.o(.text) refers to os_core.o(.text) for os_isr_ticks
    system_stm32f0xx.o(.text) refers to aeabi_sdiv.o(.text) for __aeabi_uidivmod
    system_stm32f0xx.o(.text) refers to stm32f0xx_rcc.o(.text) for RCC_MCOConfig
    system_stm32f0xx.o(.text) refers to system_stm32f0xx.o(.data) for .data
    iwtdg.o(.text) refers to stm32f0xx_iwdg.o(.text) for IWDG_WriteAccessCmd
    app.o(.text) refers to hardware.o(.text) for init_hardware
    app.o(.text) refers to motor_pwm.o(.text) for Motor_PWM_Init
    app.o(.text) refers to fifo.o(.text) for fifoInit
    app.o(.text) refers to serial_port.o(.text) for UARTInit
    app.o(.text) refers to cmd_receive.o(.text) for Init_Receive
    app.o(.text) refers to os_core.o(.text) for os_create_task
    app.o(.text) refers to comm_task.o(.bss) for send_buf
    app.o(.text) refers to comm_task.o(.bss) for send_fifo
    app.o(.text) refers to comm_task.o(.text) for TaskDataSend
    app.o(.text) refers to key_led_task.o(.text) for key_led_task
    app.o(.text) refers to honeywell_sampling_data.o(.text) for honeywell_sampling_data
    comm_task.o(.text) refers to cmd_receive.o(.text) for GetBuf2Length
    comm_task.o(.text) refers to rt_memcpy.o(.emb_text) for __aeabi_memcpy4
    comm_task.o(.text) refers to protocol_module.o(.text) for protocol_module_process
    comm_task.o(.text) refers to delay.o(.text) for delay_ms
    comm_task.o(.text) refers to rt_memclr.o(.text) for __aeabi_memclr4
    comm_task.o(.text) refers to fifo.o(.text) for fifoReadData
    comm_task.o(.text) refers to serial_port.o(.text) for UartSendNBytes
    comm_task.o(.text) refers to os_core.o(.text) for os_delay_ms
    comm_task.o(.text) refers to hardware.o(.text) for set_led
    comm_task.o(.text) refers to motor_pwm.o(.text) for Motor_PWM_Freq_Dudy_Set
    comm_task.o(.text) refers to common.o(.text) for Delay_ms
    comm_task.o(.text) refers to iwtdg.o(.text) for IWDG_Feed
    comm_task.o(.text) refers to key_led_task.o(.text) for EnterStopMode
    comm_task.o(.text) refers to stm32f0xx_gpio.o(.text) for GPIO_ReadInputDataBit
    comm_task.o(.text) refers to comm_task.o(.data) for .data
    comm_task.o(.text) refers to comm_task.o(.bss) for .bss
    comm_task.o(.text) refers to key_led_task.o(.data) for mcu_state
    comm_task.o(.text) refers to honeywell_sampling_data.o(.data) for b_get_para
    comm_task.o(.text) refers to os_core.o(.data) for os_ticks
    comm_task.o(.text) refers to rt_memcpy.o(.text) for __aeabi_memcpy
    comm_task.o(.text) refers to honeywell_sampling_data.o(.text) for trans_xmmHg_2_adc_value
    comm_task.o(.text) refers to main.o(.constdata) for default_parameter_buf
    comm_task.o(.text) refers to honeywell_sampling_data.o(.data) for b_getHoneywellZeroPoint
    key_led_task.o(.text) refers to stm32f0xx_rcc.o(.text) for RCC_AHBPeriphClockCmd
    key_led_task.o(.text) refers to stm32f0xx_gpio.o(.text) for GPIO_Init
    key_led_task.o(.text) refers to stm32f0xx_syscfg.o(.text) for SYSCFG_EXTILineConfig
    key_led_task.o(.text) refers to stm32f0xx_exti.o(.text) for EXTI_Init
    key_led_task.o(.text) refers to stm32f0xx_misc.o(.text) for NVIC_Init
    key_led_task.o(.text) refers to delay.o(.text) for delay_ms
    key_led_task.o(.text) refers to iwtdg.o(.text) for Init_iWtdg
    key_led_task.o(.text) refers to os_core.o(.text) for os_init
    key_led_task.o(.text) refers to system_stm32f0xx.o(.text) for SystemInit
    key_led_task.o(.text) refers to app.o(.text) for init_task
    key_led_task.o(.text) refers to stm32f0xx_dma.o(.text) for DMA_Cmd
    key_led_task.o(.text) refers to stm32f0xx_adc.o(.text) for ADC_DMACmd
    key_led_task.o(.text) refers to stm32f0xx_usart.o(.text) for USART_Cmd
    key_led_task.o(.text) refers to comm_task.o(.text) for init_PWMState
    key_led_task.o(.text) refers to stm32f0xx_pwr.o(.text) for PWR_EnterSTOPMode
    key_led_task.o(.text) refers to protocol_module.o(.text) for record_dateTime
    key_led_task.o(.text) refers to key_led_task.o(.data) for .data
    key_led_task.o(.text) refers to os_core.o(.data) for os_ticks
    key_led_task.o(.text) refers to comm_task.o(.data) for checkPressAgain_cnt
    key_led_task.o(.text) refers to honeywell_sampling_data.o(.data) for honeywell_state
    key_led_task.o(.text) refers to hardware.o(.data) for RegularConvData_Tab
    honeywell_sampling_data.o(.text) refers to aeabi_sdiv.o(.text) for __aeabi_uidivmod
    honeywell_sampling_data.o(.text) refers to i2c.o(.text) for Init_honeywell_sensor
[...]
    .data                                    0x200000ac   Section        8  os_core.o(.data)
    index                                    0x200000b0   Data           4  os_core.o(.data)
    .data                                    0x200000b4   Section       16  stm32f0xx_rcc.o(.data)
    APBAHBPrescTable                         0x200000b4   Data          16  stm32f0xx_rcc.o(.data)
    .bss                                     0x200000c4   Section     1339  comm_task.o(.bss)
    pwm1_buffer                              0x2000056c   Data          49  comm_task.o(.bss)
    pwm2_buffer                              0x2000059d   Data          49  comm_task.o(.bss)
    pwm3_buffer                              0x200005ce   Data          49  comm_task.o(.bss)
    .bss                                     0x200005ff   Section      248  comm_task.o(.bss)
    .bss                                     0x200006f7   Section      436  comm_task.o(.bss)
    .bss                                     0x200008ab   Section       60  honeywell_sampling_data.o(.bss)
    honeywell_data                           0x200008ab   Data          60  honeywell_sampling_data.o(.bss)
    .bss                                     0x200008e8   Section     2048  protocol_module.o(.bss)
    .bss                                     0x200010e8   Section      120  os_core.o(.bss)
    .bss                                     0x20001160   Section       96  libspace.o(.bss)
    HEAP                                     0x200011c0   Section      512  startup_stm32f0xx.o(HEAP)
    Heap_Mem                                 0x200011c0   Data         512  startup_stm32f0xx.o(HEAP)
    STACK                                    0x200013c0   Section     1024  startup_stm32f0xx.o(STACK)
    Stack_Mem                                0x200013c0   Data        1024  startup_stm32f0xx.o(STACK)
    __initial_sp                             0x200017c0   Data           0  startup_stm32f0xx.o(STACK)

    Global Symbols

    Symbol Name                              Value     Ov Type        Size  Object(Section)

    BuildAttributes$$THM_ISAv3M$S$PE$A:L22$X:L11$S22$IEEE1$IW$USESV6$~STKCKD$USESV7$~SHL$OTIME$ROPI$EBA8$UX$STANDARDLIB$REQ8$PRES8$EABIv2 0x00000000   Number         0  anon$$obj.o ABSOLUTE
    __ARM_use_no_argv                        0x00000000   Number         0  main.o ABSOLUTE
    __ARM_exceptions_init                     - Undefined Weak Reference
    __alloca_initialize                       - Undefined Weak Reference
    __arm_preinit_                            - Undefined Weak Reference
    __cpp_initialize__aeabi_                  - Undefined Weak Reference
    __cxa_finalize                            - Undefined Weak Reference
    __rt_locale                               - Undefined Weak Reference
    __sigvec_lookup                           - Undefined Weak Reference
    __user_heap_extent                        - Undefined Weak Reference
    _atexit_init                              - Undefined Weak Reference
    _call_atexit_fns                          - Undefined Weak Reference
    _clock_init                               - Undefined Weak Reference
    _fp_trap_init                             - Undefined Weak Reference
    _fp_trap_shutdown                         - Undefined Weak Reference
    _get_lc_collate                           - Undefined Weak Reference
    _get_lc_ctype                             - Undefined Weak Reference
    _get_lc_monetary                          - Undefined Weak Reference
    _get_lc_numeric                           - Undefined Weak Reference
    _get_lc_time                              - Undefined Weak Reference
    _getenv_init                              - Undefined Weak Reference
    _handle_redirection                       - Undefined Weak Reference
    _initio                                   - Undefined Weak Reference
    _mutex_acquire                            - Undefined Weak Reference
    _mutex_free                               - Undefined Weak Reference
    _mutex_release                            - Undefined Weak Reference
    _rand_init                                - Undefined Weak Reference
    _signal_finish                            - Undefined Weak Reference
    _signal_init                              - Undefined Weak Reference
    _terminateio                              - Undefined Weak Reference
    __Vectors_Size                           0x000000c0   Number         0  startup_stm32f0xx.o ABSOLUTE
    __Vectors                                0x08000000   Data           4  startup_stm32f0xx.o(RESET)
    __Vectors_End                            0x080000c0   Data           0  startup_stm32f0xx.o(RESET)
    __main                                   0x080000c1   Thumb Code     8  __main.o(!!!main)
    __scatterload                            0x080000c9   Thumb Code     0  __scatter.o(!!!scatter)
    __scatterload_rt2                        0x080000c9   Thumb Code    52  __scatter.o(!!!scatter)
    __scatterload_rt2_thumb_only             0x080000c9   Thumb Code     0  __scatter.o(!!!scatter)
    __scatterload_null                       0x080000d9   Thumb Code     0  __scatter.o(!!!scatter)
    __scatterload_copy                       0x08000105   Thumb Code    26  __scatter_copy.o(!!handler_copy)
    __scatterload_zeroinit                   0x08000121   Thumb Code    28  __scatter_zi.o(!!handler_zi)
    __rt_lib_init                            0x0800013d   Thumb Code     0  libinit.o(.ARM.Collect$$libinit$$00000000)
    __rt_lib_init_fp_1                       0x0800013f   Thumb Code     0  libinit2.o(.ARM.Collect$$libinit$$00000002)
    __rt_lib_init_heap_2                     0x0800013f   Thumb Code     0  libinit2.o(.ARM.Collect$$libinit$$00000005)
    __rt_lib_init_preinit_1                  0x0800013f   Thumb Code     0  libinit2.o(.ARM.Collect$$libinit$$00000004)
    __rt_lib_init_alloca_1                   0x08000147   Thumb Code     0  libinit2.o(.ARM.Collect$$libinit$$0000002E)
    __rt_lib_init_argv_1                     0x08000147   Thumb Code     0  libinit2.o(.ARM.Collect$$libinit$$0000002C)
    __rt_lib_init_atexit_1                   0x08000147   Thumb Code     0  libinit2.o(.ARM.Collect$$libinit$$0000001B)
    __rt_lib_init_clock_1                    0x08000147   Thumb Code     0  libinit2.o(.ARM.Collect$$libinit$$00000021)
    __rt_lib_init_cpp_1                      0x08000147   Thumb Code     0  libinit2.o(.ARM.Collect$$libinit$$00000032)
    __rt_lib_init_exceptions_1               0x08000147   Thumb Code     0  libinit2.o(.ARM.Collect$$libinit$$00000030)
    __rt_lib_init_fp_trap_1                  0x08000147   Thumb Code     0  libinit2.o(.ARM.Collect$$libinit$$0000001F)
    __rt_lib_init_getenv_1                   0x08000147   Thumb Code     0  libinit2.o(.ARM.Collect$$libinit$$00000023)
    __rt_lib_init_heap_1                     0x08000147   Thumb Code     0  libinit2.o(.ARM.Collect$$libinit$$0000000A)
    __rt_lib_init_lc_collate_1               0x08000147   Thumb Code     0  libinit2.o(.ARM.Collect$$libinit$$00000011)
    __rt_lib_init_lc_ctype_1                 0x08000147   Thumb Code     0  libinit2.o(.ARM.Collect$$libinit$$00000013)
    __rt_lib_init_lc_monetary_1              0x08000147   Thumb Code     0  libinit2.o(.ARM.Collect$$libinit$$00000015)
    __rt_lib_init_lc_numeric_1               0x08000147   Thumb Code     0  libinit2.o(.ARM.Collect$$libinit$$00000017)
    __rt_lib_init_lc_time_1                  0x08000147   Thumb Code     0  libinit2.o(.ARM.Collect$$libinit$$00000019)
    __rt_lib_init_rand_1                     0x08000147   Thumb Code     0  libinit2.o(.ARM.Collect$$libinit$$0000000E)
    __rt_lib_init_return                     0x08000147   Thumb Code     0  libinit2.o(.ARM.Collect$$libinit$$00000033)
    __rt_lib_init_signal_1                   0x08000147   Thumb Code     0  libinit2.o(.ARM.Collect$$libinit$$0000001D)
    __rt_lib_init_stdio_1                    0x08000147   Thumb Code     0  libinit2.o(.ARM.Collect$$libinit$$00000025)
    __rt_lib_init_user_alloc_1               0x08000147   Thumb Code     0  libinit2.o(.ARM.Collect$$libinit$$0000000C)
    __rt_lib_shutdown                        0x08000149   Thumb Code     0  libshutdown.o(.ARM.Collect$$libshutdown$$00000000)
    __rt_lib_shutdown_cpp_1                  0x0800014b   Thumb Code     0  libshutdown2.o(.ARM.Collect$$libshutdown$$00000002)
    __rt_lib_shutdown_fp_trap_1              0x0800014b   Thumb Code     0  libshutdown2.o(.ARM.Collect$$libshutdown$$00000007)
    __rt_lib_shutdown_heap_1                 0x0800014b   Thumb Code     0  libshutdown2.o(.ARM.Collect$$libshutdown$$0000000F)
    __rt_lib_shutdown_return                 0x0800014b   Thumb Code     0  libshutdown2.o(.ARM.Collect$$libshutdown$$00000010)
    __rt_lib_shutdown_signal_1               0x0800014b   Thumb Code     0  libshutdown2.o(.ARM.Collect$$libshutdown$$0000000A)
    __rt_lib_shutdown_stdio_1                0x0800014b   Thumb Code     0  libshutdown2.o(.ARM.Collect$$libshutdown$$00000004)
    __rt_lib_shutdown_user_alloc_1           0x0800014b   Thumb Code     0  libshutdown2.o(.ARM.Collect$$libshutdown$$0000000C)
    __rt_entry                               0x0800014d   Thumb Code     0  __rtentry.o(.ARM.Collect$$rtentry$$00000000)
    __rt_entry_presh_1                       0x0800014d   Thumb Code     0  __rtentry2.o(.ARM.Collect$$rtentry$$00000002)
    __rt_entry_sh                            0x0800014d   Thumb Code     0  __rtentry4.o(.ARM.Collect$$rtentry$$00000004)
    __rt_entry_li                            0x08000153   Thumb Code     0  __rtentry2.o(.ARM.Collect$$rtentry$$0000000A)
    __rt_entry_postsh_1                      0x08000153   Thumb Code     0  __rtentry2.o(.ARM.Collect$$rtentry$$00000009)
    __rt_entry_main                          0x08000157   Thumb Code     0  __rtentry2.o(.ARM.Collect$$rtentry$$0000000D)
    __rt_entry_postli_1                      0x08000157   Thumb Code     0  __rtentry2.o(.ARM.Collect$$rtentry$$0000000C)
    __rt_exit                                0x0800015f   Thumb Code     0  rtexit.o(.ARM.Collect$$rtexit$$00000000)
    __rt_exit_ls                             0x08000161   Thumb Code     0  rtexit2.o(.ARM.Collect$$rtexit$$00000003)
    __rt_exit_prels_1                        0x08000161   Thumb Code     0  rtexit2.o(.ARM.Collect$$rtexit$$00000002)
    __rt_exit_exit                           0x08000165   Thumb Code     0  rtexit2.o(.ARM.Collect$$rtexit$$00000004)
    __aeabi_memcpy4                          0x0800016d   Thumb Code    56  rt_memcpy.o(.emb_text)
    __aeabi_memcpy8                          0x0800016d   Thumb Code     0  rt_memcpy.o(.emb_text)
    _maybe_terminate_alloc                   0x080001a5   Thumb Code     0  maybetermalloc1.o(.emb_text)
    main                                     0x080001a5   Thumb Code    36  main.o(.text)
    NMI_Handler                              0x080001cd   Thumb Code     2  stm32f0xx_it.o(.text)
    HardFault_Handler                        0x080001cf   Thumb Code     2  stm32f0xx_it.o(.text)
    SVC_Handler                              0x080001d1   Thumb Code     2  stm32f0xx_it.o(.text)
    PendSV_Handler                           0x080001d3   Thumb Code     2  stm32f0xx_it.o(.text)
    SysTick_Handler                          0x080001d5   Thumb Code     2  stm32f0xx_it.o(.text)
    TIM16_IRQHandler                         0x080001d7   Thumb Code    30  stm32f0xx_it.o(.text)
    SystemInit                               0x080001f9   Thumb Code    84  system_stm32f0xx.o(.text)
    SystemCoreClockUpdate                    0x0800024d   Thumb Code    90  system_stm32f0xx.o(.text)
    Init_iWtdg                               0x08000335   Thumb Code    34  iwtdg.o(.text)
    IWDG_Feed                                0x08000357   Thumb Code     8  iwtdg.o(.text)
    init_task                                0x08000365   Thumb Code   114  app.o(.text)
    test_task                                0x080003d7   Thumb Code    12  app.o(.text)
    init_PWMState                            0x0800040d   Thumb Code    66  comm_task.o(.text)
    CalcCheckSum                             0x0800044f   Thumb Code    34  comm_task.o(.text)
    TaskDataSend                             0x08000533   Thumb Code    76  comm_task.o(.text)
    Is_timing_Xmillisec                      0x0800057f   Thumb Code   122  comm_task.o(.text)
    led_show                                 0x080005f9   Thumb Code   344  comm_task.o(.text)
    get_switch_mode                          0x08000751   Thumb Code   254  comm_task.o(.text)
    PaintPWM                                 0x0800084f   Thumb Code   534  comm_task.o(.text)
    ResetParameter                           0x08000a65   Thumb Code    32  comm_task.o(.text)
    CheckFlashData                           0x08000a85   Thumb Code    88  comm_task.o(.text)
    FillUpPWMbuffer                          0x08000add   Thumb Code    52  comm_task.o(.text)
    check_selectedMode_ouputPWM              0x08000b11   Thumb Code   662  comm_task.o(.text)
    CMD_ProcessTask                          0x08000da7   Thumb Code    30  comm_task.o(.text)
    CfgPA4ASWFI                              0x08000de1   Thumb Code   104  key_led_task.o(.text)
    Check_wakeUpKey_pressed                  0x08000e49   Thumb Code    44  key_led_task.o(.text)
    EXTI4_15_IRQHandler                      0x08000e75   Thumb Code    30  key_led_task.o(.text)
    init_system_afterWakeUp                  0x08000e93   Thumb Code    34  key_led_task.o(.text)
    CfgALLPins4StopMode                      0x08000eb5   Thumb Code   356  key_led_task.o(.text)
    init_global_variant                      0x08001019   Thumb Code    68  key_led_task.o(.text)
    EnterStopMode                            0x0800105d   Thumb Code    36  key_led_task.o(.text)
    Check_Bat                                0x08001081   Thumb Code    46  key_led_task.o(.text)
    key_led_task                             0x080010af   Thumb Code   144  key_led_task.o(.text)
    trans_xmmHg_2_adc_value                  0x080011a9   Thumb Code    32  honeywell_sampling_data.o(.text)
    honeywell_sampling_data                  0x080011c9   Thumb Code   148  honeywell_sampling_data.o(.text)
    protocol_module_send_train_data_check_sum 0x080012d5   Thumb Code    58  protocol_module.o(.text)
    get_comm_para_to_buf                     0x0800130f   Thumb Code    48  protocol_module.o(.text)
    FlashWrite                               0x0800133f   Thumb Code    80  protocol_module.o(.text)
    get_parameter_to_buf_by_frameId          0x0800138f   Thumb Code   458  protocol_module.o(.text)
    send_para_rcv_result                     0x08001559   Thumb Code    48  protocol_module.o(.text)
    FlashReadWord                            0x08001589   Thumb Code     4  protocol_module.o(.text)
    FlashRead                                0x0800158d   Thumb Code    26  protocol_module.o(.text)
    send_prameter_fram1_to_PC                0x080015a7   Thumb Code   118  protocol_module.o(.text)
    send_prameter_fram2_to_PC                0x0800161d   Thumb Code    76  protocol_module.o(.text)
    FlashReadByte                            0x08001669   Thumb Code     4  protocol_module.o(.text)
    abs_                                     0x0800166d   Thumb Code    14  protocol_module.o(.text)
    cal_pressure_rate                        0x0800167b   Thumb Code    64  protocol_module.o(.text)
    FlashWriteUIntBuffer                     0x080016bb   Thumb Code    82  protocol_module.o(.text)
    reset_dateTime                           0x0800170d   Thumb Code    58  protocol_module.o(.text)
    Init_RecordPage                          0x08001747   Thumb Code    60  protocol_module.o(.text)
    record_dateTime                          0x08001783   Thumb Code   166  protocol_module.o(.text)
    get_rtc_record_number                    0x08001829   Thumb Code    24  protocol_module.o(.text)
    send_RTC_SYN_finish                      0x08001841   Thumb Code    42  protocol_module.o(.text)
    send_RTC_record_numbers                  0x0800186b   Thumb Code    60  protocol_module.o(.text)
    send_sw_version                          0x080018a7   Thumb Code    54  protocol_module.o(.text)
    send_pressure_zero_point                 0x080018dd   Thumb Code    60  protocol_module.o(.text)
    get_page_num                             0x08001919   Thumb Code    18  protocol_module.o(.text)
    send_one_frame_data                      0x0800192b   Thumb Code    90  protocol_module.o(.text)
    send_rtc_info                            0x08001985   Thumb Code   226  protocol_module.o(.text)
    getFrameNo                               0x08001a67   Thumb Code    16  protocol_module.o(.text)
    protocol_module_process                  0x08001a77   Thumb Code   242  protocol_module.o(.text)
    Delay                                    0x08001b69   Thumb Code    10  common.o(.text)
    Delay_us                                 0x08001b73   Thumb Code     8  common.o(.text)
    Delay_ms                                 0x08001b7b   Thumb Code    10  common.o(.text)
    delay_init                               0x08001b89   Thumb Code    36  delay.o(.text)
    delay_us                                 0x08001bad   Thumb Code    46  delay.o(.text)
    delay_ms                                 0x08001bdb   Thumb Code    46  delay.o(.text)
    fifoInit                                 0x08001c19   Thumb Code    14  fifo.o(.text)
    fifoReset                                0x08001c27   Thumb Code    10  fifo.o(.text)
    fifoIsFull                               0x08001c31   Thumb Code    16  fifo.o(.text)
    fifoCnt                                  0x08001c41   Thumb Code     4  fifo.o(.text)
    fifoWriteData                            0x08001c45   Thumb Code    64  fifo.o(.text)
    fifoReadData                             0x08001c85   Thumb Code    58  fifo.o(.text)
    Init_Receive                             0x08001cbf   Thumb Code    14  cmd_receive.o(.text)
    Buf2Write                                0x08001ccd   Thumb Code    20  cmd_receive.o(.text)
    Buf2Read                                 0x08001ce1   Thumb Code    20  cmd_receive.o(.text)
    GetBuf2Length                            0x08001cf5   Thumb Code    14  cmd_receive.o(.text)
    ReceiveData                              0x08001d03   Thumb Code    78  cmd_receive.o(.text)
    UARTInit                                 0x08001d51   Thumb Code   242  serial_port.o(.text)
    UartSendNBytes                           0x08001e43   Thumb Code    24  serial_port.o(.text)
    GetUartReceiverResidualCnt               0x08001e5b   Thumb Code    12  serial_port.o(.text)
    I2C_uConfiguration                       0x08001e71   Thumb Code    40  i2c.o(.text)
    I2C_SDA_OUT                              0x08001e99   Thumb Code    34  i2c.o(.text)
    I2C_SDA_IN                               0x08001ebb   Thumb Code    34  i2c.o(.text)
    I2C_Start                                0x08001edd   Thumb Code    40  i2c.o(.text)
    I2C_Stop                                 0x08001f05   Thumb Code    34  i2c.o(.text)
    I2C_SendAck                              0x08001f27   Thumb Code    38  i2c.o(.text)
    I2C_SendNak                              0x08001f4d   Thumb Code    38  i2c.o(.text)
    I2C_RecAck                               0x08001f73   Thumb Code    68  i2c.o(.text)
    I2C_SendByte                             0x08001fb7   Thumb Code    66  i2c.o(.text)
    I2C_RecByte                              0x08001ff9   Thumb Code    60  i2c.o(.text)
    Init_honeywell_sensor                    0x08002035   Thumb Code    56  i2c.o(.text)
    Is_honeywell_free                        0x0800206d   Thumb Code    42  i2c.o(.text)
    honeywell_readByte                       0x08002097   Thumb Code    68  i2c.o(.text)
    init_tim                                 0x080020e5   Thumb Code    94  hardware.o(.text)
    Init_PWRSAVE                             0x08002143   Thumb Code    42  hardware.o(.text)
    set_led                                  0x0800216d   Thumb Code   104  hardware.o(.text)
    show_mode_LED                            0x080021d5   Thumb Code    88  hardware.o(.text)
    Init_LED                                 0x0800222d   Thumb Code    88  hardware.o(.text)
    Init_PWR_SAVE                            0x08002285   Thumb Code    42  hardware.o(.text)
    Init_KEY_MODE                            0x080022af   Thumb Code    30  hardware.o(.text)
    Init_ADC1                                0x080022cd   Thumb Code   214  hardware.o(.text)
    init_hardware                            0x080023a3   Thumb Code    34  hardware.o(.text)
    save_one_page_to_flash                   0x080023c5   Thumb Code     4  hardware.o(.text)
    read_one_page_from_flash                 0x080023c9   Thumb Code     2  hardware.o(.text)
    save_half_word_to_flash                  0x080023cb   Thumb Code     4  hardware.o(.text)
    read_half_word_from_flash                0x080023cf   Thumb Code     2  hardware.o(.text)
    save_half_word_buf_to_eeprom             0x080023d1   Thumb Code     4  hardware.o(.text)
    read_half_word_buf_from_eeprom           0x080023d5   Thumb Code     2  hardware.o(.text)
    Key_WakeUp_Init                          0x080023d7   Thumb Code    30  hardware.o(.text)
    Motor_PWM_Init                           0x08002415   Thumb Code    82  motor_pwm.o(.text)
    Motor_PWM_Freq_Dudy_Set                  0x08002467   Thumb Code   126  motor_pwm.o(.text)
    Get_DataTime                             0x08002599   Thumb Code    20  rtc.o(.text)
    chage_to_RCT_month                       0x080025ad   Thumb Code    24  rtc.o(.text)
    RTC_Config                               0x080025c5   Thumb Code    62  rtc.o(.text)
    Set_RTC                                  0x08002603   Thumb Code   158  rtc.o(.text)
    os_start                                 0x080026a5   Thumb Code    54  os_core.o(.text)
    os_create_task                           0x080026db   Thumb Code    26  os_core.o(.text)
    os_resume_task                           0x080026f5   Thumb Code    18  os_core.o(.text)
    os_pend_task                             0x08002707   Thumb Code    18  os_core.o(.text)
    os_delay_ms                              0x08002719   Thumb Code    38  os_core.o(.text)
    os_isr_ticks                             0x0800273f   Thumb Code    10  os_core.o(.text)
    os_init                                  0x08002749   Thumb Code     8  os_core.o(.text)
    Reset_Handler                            0x08002759   Thumb Code     8  startup_stm32f0xx.o(.text)
    ADC1_COMP_IRQHandler                     0x0800276b   Thumb Code     0  startup_stm32f0xx.o(.text)
    CEC_IRQHandler                           0x0800276b   Thumb Code     0  startup_stm32f0xx.o(.text)
    DMA1_Channel1_IRQHandler                 0x0800276b   Thumb Code     0  startup_stm32f0xx.o(.text)
    DMA1_Channel2_3_IRQHandler               0x0800276b   Thumb Code     0  startup_stm32f0xx.o(.text)
    DMA1_Channel4_5_IRQHandler               0x0800276b   Thumb Code     0  startup_stm32f0xx.o(.text)
    EXTI0_1_IRQHandler                       0x0800276b   Thumb Code     0  startup_stm32f0xx.o(.text)
    EXTI2_3_IRQHandler                       0x0800276b   Thumb Code     0  startup_stm32f0xx.o(.text)
    FLASH_IRQHandler                         0x0800276b   Thumb Code     0  startup_stm32f0xx.o(.text)
    I2C1_IRQHandler                          0x0800276b   Thumb Code     0  startup_stm32f0xx.o(.text)
    I2C2_IRQHandler                          0x0800276b   Thumb Code     0  startup_stm32f0xx.o(.text)
    PVD_IRQHandler                           0x0800276b   Thumb Code     0  startup_stm32f0xx.o(.text)
    RCC_IRQHandler                           0x0800276b   Thumb Code     0  startup_stm32f0xx.o(.text)
    RTC_IRQHandler                           0x0800276b   Thumb Code     0  startup_stm32f0xx.o(.text)
    SPI1_IRQHandler                          0x0800276b   Thumb Code     0  startup_stm32f0xx.o(.text)
    SPI2_IRQHandler                          0x0800276b   Thumb Code     0  startup_stm32f0xx.o(.text)
    TIM14_IRQHandler                         0x0800276b   Thumb Code     0  startup_stm32f0xx.o(.text)
    TIM15_IRQHandler                         0x0800276b   Thumb Code     0  startup_stm32f0xx.o(.text)
    TIM17_IRQHandler                         0x0800276b   Thumb Code     0  startup_stm32f0xx.o(.text)
    TIM1_BRK_UP_TRG_COM_IRQHandler           0x0800276b   Thumb Code     0  startup_stm32f0xx.o(.text)
    TIM1_CC_IRQHandler                       0x0800276b   Thumb Code     0  startup_stm32f0xx.o(.text)
    TIM2_IRQHandler                          0x0800276b   Thumb Code     0  startup_stm32f0xx.o(.text)
    TIM3_IRQHandler                          0x0800276b   Thumb Code     0  startup_stm32f0xx.o(.text)
    TIM6_DAC_IRQHandler                      0x0800276b   Thumb Code     0  startup_stm32f0xx.o(.text)
    TS_IRQHandler                            0x0800276b   Thumb Code     0  startup_stm32f0xx.o(.text)
    USART1_IRQHandler                        0x0800276b   Thumb Code     0  startup_stm32f0xx.o(.text)
    USART2_IRQHandler                        0x0800276b   Thumb Code     0  startup_stm32f0xx.o(.text)
    WWDG_IRQHandler                          0x0800276b   Thumb Code     0  startup_stm32f0xx.o(.text)
    __user_initial_stackheap                 0x0800276d   Thumb Code     0  startup_stm32f0xx.o(.text)
    GPIO_DeInit                              0x08002791   Thumb Code    78  stm32f0xx_gpio.o(.text)
    GPIO_Init                                0x080027df   Thumb Code   112  stm32f0xx_gpio.o(.text)
    GPIO_StructInit                          0x0800284f   Thumb Code    18  stm32f0xx_gpio.o(.text)
    GPIO_PinLockConfig                       0x08002861   Thumb Code    26  stm32f0xx_gpio.o(.text)
    GPIO_ReadInputDataBit                    0x0800287b   Thumb Code    14  stm32f0xx_gpio.o(.text)
    GPIO_ReadInputData                       0x08002889   Thumb Code     4  stm32f0xx_gpio.o(.text)
    GPIO_ReadOutputDataBit                   0x0800288d   Thumb Code    14  stm32f0xx_gpio.o(.text)
    GPIO_ReadOutputData                      0x0800289b   Thumb Code     4  stm32f0xx_gpio.o(.text)
    GPIO_SetBits                             0x0800289f   Thumb Code     4  stm32f0xx_gpio.o(.text)
    GPIO_ResetBits                           0x080028a3   Thumb Code     4  stm32f0xx_gpio.o(.text)
    GPIO_WriteBit                            0x080028a7   Thumb Code    12  stm32f0xx_gpio.o(.text)
    GPIO_Write                               0x080028b3   Thumb Code     4  stm32f0xx_gpio.o(.text)
    GPIO_PinAFConfig                         0x080028b7   Thumb Code    32  stm32f0xx_gpio.o(.text)
    RCC_DeInit                               0x080028ed   Thumb Code    78  stm32f0xx_rcc.o(.text)
    RCC_HSEConfig                            0x0800293b   Thumb Code    10  stm32f0xx_rcc.o(.text)
    RCC_GetFlagStatus                        0x08002945   Thumb Code    48  stm32f0xx_rcc.o(.text)
    RCC_WaitForHSEStartUp                    0x08002975   Thumb Code    44  stm32f0xx_rcc.o(.text)
    RCC_AdjustHSICalibrationValue            0x080029a1   Thumb Code    16  stm32f0xx_rcc.o(.text)
    RCC_HSICmd                               0x080029b1   Thumb Code    22  stm32f0xx_rcc.o(.text)
    RCC_AdjustHSI14CalibrationValue          0x080029c7   Thumb Code    16  stm32f0xx_rcc.o(.text)
    RCC_HSI14Cmd                             0x080029d7   Thumb Code    22  stm32f0xx_rcc.o(.text)
    RCC_HSI14ADCRequestCmd                   0x080029ed   Thumb Code    20  stm32f0xx_rcc.o(.text)
    RCC_LSEConfig                            0x08002a01   Thumb Code    26  stm32f0xx_rcc.o(.text)
    RCC_LSEDriveConfig                       0x08002a1b   Thumb Code    18  stm32f0xx_rcc.o(.text)
    RCC_LSICmd                               0x08002a2d   Thumb Code    22  stm32f0xx_rcc.o(.text)
    RCC_PLLConfig                            0x08002a43   Thumb Code    24  stm32f0xx_rcc.o(.text)
    RCC_PLLCmd                               0x08002a5b   Thumb Code    22  stm32f0xx_rcc.o(.text)
    RCC_PREDIV1Config                        0x08002a71   Thumb Code    14  stm32f0xx_rcc.o(.text)
    RCC_ClockSecuritySystemCmd               0x08002a7f   Thumb Code    22  stm32f0xx_rcc.o(.text)
    RCC_MCOConfig                            0x08002a95   Thumb Code     6  stm32f0xx_rcc.o(.text)
    RCC_SYSCLKConfig                         0x08002a9b   Thumb Code    14  stm32f0xx_rcc.o(.text)
    RCC_GetSYSCLKSource                      0x08002aa9   Thumb Code    10  stm32f0xx_rcc.o(.text)
    RCC_HCLKConfig                           0x08002ab3   Thumb Code    14  stm32f0xx_rcc.o(.text)
    RCC_PCLKConfig                           0x08002ac1   Thumb Code    16  stm32f0xx_rcc.o(.text)
    RCC_ADCCLKConfig                         0x08002ad1   Thumb Code    38  stm32f0xx_rcc.o(.text)
    RCC_CECCLKConfig                         0x08002af7   Thumb Code    18  stm32f0xx_rcc.o(.text)
    RCC_I2CCLKConfig                         0x08002b09   Thumb Code    18  stm32f0xx_rcc.o(.text)
    RCC_USARTCLKConfig                       0x08002b1b   Thumb Code    18  stm32f0xx_rcc.o(.text)
    RCC_GetClocksFreq                        0x08002b2d   Thumb Code   208  stm32f0xx_rcc.o(.text)
    RCC_RTCCLKConfig                         0x08002bfd   Thumb Code    10  stm32f0xx_rcc.o(.text)
    RCC_RTCCLKCmd                            0x08002c07   Thumb Code    20  stm32f0xx_rcc.o(.text)
    RCC_BackupResetCmd                       0x08002c1b   Thumb Code    22  stm32f0xx_rcc.o(.text)
    RCC_AHBPeriphClockCmd                    0x08002c31   Thumb Code    18  stm32f0xx_rcc.o(.text)
    RCC_APB2PeriphClockCmd                   0x08002c43   Thumb Code    18  stm32f0xx_rcc.o(.text)
    RCC_APB1PeriphClockCmd                   0x08002c55   Thumb Code    18  stm32f0xx_rcc.o(.text)
    RCC_AHBPeriphResetCmd                    0x08002c67   Thumb Code    18  stm32f0xx_rcc.o(.text)
    RCC_APB2PeriphResetCmd                   0x08002c79   Thumb Code    18  stm32f0xx_rcc.o(.text)
    RCC_APB1PeriphResetCmd                   0x08002c8b   Thumb Code    18  stm32f0xx_rcc.o(.text)
    RCC_ITConfig                             0x08002c9d   Thumb Code    18  stm32f0xx_rcc.o(.text)
    RCC_ClearFlag                            0x08002caf   Thumb Code    14  stm32f0xx_rcc.o(.text)
    RCC_GetITStatus                          0x08002cbd   Thumb Code    48  stm32f0xx_rcc.o(.text)
    RCC_ClearITPendingBit                    0x08002ced   Thumb Code     6  stm32f0xx_rcc.o(.text)
    NVIC_Init                                0x08002cf9   Thumb Code    70  stm32f0xx_misc.o(.text)
    NVIC_SystemLPConfig                      0x08002d3f   Thumb Code    18  stm32f0xx_misc.o(.text)
    SysTick_CLKSourceConfig                  0x08002d51   Thumb Code    20  stm32f0xx_misc.o(.text)
    USART_DeInit                             0x08002d75   Thumb Code    54  stm32f0xx_usart.o(.text)
    USART_Init                               0x08002dab   Thumb Code   166  stm32f0xx_usart.o(.text)
    USART_StructInit                         0x08002e51   Thumb Code    22  stm32f0xx_usart.o(.text)
    USART_ClockInit                          0x08002e67   Thumb Code    28  stm32f0xx_usart.o(.text)
    USART_ClockStructInit                    0x08002e83   Thumb Code    12  stm32f0xx_usart.o(.text)
    USART_Cmd                                0x08002e8f   Thumb Code    20  stm32f0xx_usart.o(.text)
    USART_DirectionModeCmd                   0x08002ea3   Thumb Code    16  stm32f0xx_usart.o(.text)
    USART_OverSampling8Cmd                   0x08002eb3   Thumb Code    20  stm32f0xx_usart.o(.text)
    USART_OneBitMethodCmd                    0x08002ec7   Thumb Code    20  stm32f0xx_usart.o(.text)
    USART_MSBFirstCmd                        0x08002edb   Thumb Code    20  stm32f0xx_usart.o(.text)
    USART_DataInvCmd                         0x08002eef   Thumb Code    20  stm32f0xx_usart.o(.text)
    USART_InvPinCmd                          0x08002f03   Thumb Code    16  stm32f0xx_usart.o(.text)
    USART_SWAPPinCmd                         0x08002f13   Thumb Code    20  stm32f0xx_usart.o(.text)
    USART_ReceiverTimeOutCmd                 0x08002f27   Thumb Code    20  stm32f0xx_usart.o(.text)
    USART_SetReceiverTimeOut                 0x08002f3b   Thumb Code    16  stm32f0xx_usart.o(.text)
    USART_SetPrescaler                       0x08002f4b   Thumb Code    16  stm32f0xx_usart.o(.text)
    USART_STOPModeCmd                        0x08002f5b   Thumb Code    18  stm32f0xx_usart.o(.text)
    USART_StopModeWakeUpSourceConfig         0x08002f6d   Thumb Code    18  stm32f0xx_usart.o(.text)
    USART_AutoBaudRateCmd                    0x08002f7f   Thumb Code    20  stm32f0xx_usart.o(.text)
    USART_AutoBaudRateConfig                 0x08002f93   Thumb Code    18  stm32f0xx_usart.o(.text)
    USART_AutoBaudRateNewRequest             0x08002fa5   Thumb Code    12  stm32f0xx_usart.o(.text)
    USART_SendData                           0x08002fb1   Thumb Code     8  stm32f0xx_usart.o(.text)
    USART_ReceiveData                        0x08002fb9   Thumb Code     8  stm32f0xx_usart.o(.text)
    USART_SetAddress                         0x08002fc1   Thumb Code    18  stm32f0xx_usart.o(.text)
    USART_MuteModeCmd                        0x08002fd3   Thumb Code    20  stm32f0xx_usart.o(.text)
    USART_MuteModeWakeUpConfig               0x08002fe7   Thumb Code    18  stm32f0xx_usart.o(.text)
    USART_AddressDetectionConfig             0x08002ff9   Thumb Code    16  stm32f0xx_usart.o(.text)
    USART_LINBreakDetectLengthConfig         0x08003009   Thumb Code    16  stm32f0xx_usart.o(.text)
    USART_LINCmd                             0x08003019   Thumb Code    20  stm32f0xx_usart.o(.text)
    USART_HalfDuplexCmd                      0x0800302d   Thumb Code    18  stm32f0xx_usart.o(.text)
    USART_SetGuardTime                       0x0800303f   Thumb Code    16  stm32f0xx_usart.o(.text)
    USART_SmartCardCmd                       0x0800304f   Thumb Code    18  stm32f0xx_usart.o(.text)
    USART_SmartCardNACKCmd                   0x08003061   Thumb Code    18  stm32f0xx_usart.o(.text)
    USART_SetAutoRetryCount                  0x08003073   Thumb Code    20  stm32f0xx_usart.o(.text)
    USART_SetBlockLength                     0x08003087   Thumb Code    18  stm32f0xx_usart.o(.text)
    USART_IrDAConfig                         0x08003099   Thumb Code    16  stm32f0xx_usart.o(.text)
    USART_IrDACmd                            0x080030a9   Thumb Code    18  stm32f0xx_usart.o(.text)
    USART_DECmd                              0x080030bb   Thumb Code    20  stm32f0xx_usart.o(.text)
    USART_DEPolarityConfig                   0x080030cf   Thumb Code    18  stm32f0xx_usart.o(.text)
    USART_SetDEAssertionTime                 0x080030e1   Thumb Code    20  stm32f0xx_usart.o(.text)
    USART_SetDEDeassertionTime               0x080030f5   Thumb Code    20  stm32f0xx_usart.o(.text)
    USART_DMACmd                             0x08003109   Thumb Code    16  stm32f0xx_usart.o(.text)
    USART_DMAReceptionErrorConfig            0x08003119   Thumb Code    18  stm32f0xx_usart.o(.text)
    USART_ITConfig                           0x0800312b   Thumb Code    54  stm32f0xx_usart.o(.text)
    USART_RequestCmd                         0x08003161   Thumb Code    16  stm32f0xx_usart.o(.text)
    USART_OverrunDetectionConfig             0x08003171   Thumb Code    18  stm32f0xx_usart.o(.text)
    USART_GetFlagStatus                      0x08003183   Thumb Code    14  stm32f0xx_usart.o(.text)
    USART_ClearFlag                          0x08003191   Thumb Code     4  stm32f0xx_usart.o(.text)
    USART_GetITStatus                        0x08003195   Thumb Code    56  stm32f0xx_usart.o(.text)
    USART_ClearITPendingBit                  0x080031cd   Thumb Code    10  stm32f0xx_usart.o(.text)
    TIM_DeInit                               0x080031d9   Thumb Code   152  stm32f0xx_tim.o(.text)
    TIM_TimeBaseInit                         0x08003271   Thumb Code    88  stm32f0xx_tim.o(.text)
    TIM_TimeBaseStructInit                   0x080032c9   Thumb Code    18  stm32f0xx_tim.o(.text)
    TIM_PrescalerConfig                      0x080032db   Thumb Code     6  stm32f0xx_tim.o(.text)
    TIM_CounterModeConfig                    0x080032e1   Thumb Code    12  stm32f0xx_tim.o(.text)
    TIM_SetCounter                           0x080032ed   Thumb Code     4  stm32f0xx_tim.o(.text)
    TIM_SetAutoreload                        0x080032f1   Thumb Code     4  stm32f0xx_tim.o(.text)
    TIM_GetCounter                           0x080032f5   Thumb Code     4  stm32f0xx_tim.o(.text)
    TIM_GetPrescaler                         0x080032f9   Thumb Code     4  stm32f0xx_tim.o(.text)
    TIM_UpdateDisableConfig                  0x080032fd   Thumb Code    18  stm32f0xx_tim.o(.text)
    TIM_UpdateRequestConfig                  0x0800330f   Thumb Code    18  stm32f0xx_tim.o(.text)
    TIM_ARRPreloadConfig                     0x08003321   Thumb Code    18  stm32f0xx_tim.o(.text)
    TIM_SelectOnePulseMode                   0x08003333   Thumb Code    16  stm32f0xx_tim.o(.text)
    TIM_SetClockDivision                     0x08003343   Thumb Code    16  stm32f0xx_tim.o(.text)
    TIM_Cmd                                  0x08003353   Thumb Code    20  stm32f0xx_tim.o(.text)
    TIM_BDTRConfig                           0x08003367   Thumb Code    34  stm32f0xx_tim.o(.text)
    TIM_BDTRStructInit                       0x08003389   Thumb Code    18  stm32f0xx_tim.o(.text)
    TIM_CtrlPWMOutputs                       0x0800339b   Thumb Code    24  stm32f0xx_tim.o(.text)
    TIM_OC1Init                              0x080033b3   Thumb Code   104  stm32f0xx_tim.o(.text)
    TIM_OC2Init                              0x0800341b   Thumb Code   110  stm32f0xx_tim.o(.text)
    TIM_OC3Init                              0x08003489   Thumb Code   110  stm32f0xx_tim.o(.text)
    TIM_OC4Init                              0x080034f7   Thumb Code    78  stm32f0xx_tim.o(.text)
    TIM_OCStructInit                         0x08003545   Thumb Code    20  stm32f0xx_tim.o(.text)
    TIM_SelectOCxM                           0x08003559   Thumb Code    70  stm32f0xx_tim.o(.text)
    TIM_SetCompare1                          0x0800359f   Thumb Code     4  stm32f0xx_tim.o(.text)
    TIM_SetCompare2                          0x080035a3   Thumb Code     4  stm32f0xx_tim.o(.text)
    TIM_SetCompare3                          0x080035a7   Thumb Code     4  stm32f0xx_tim.o(.text)
    TIM_SetCompare4                          0x080035ab   Thumb Code     4  stm32f0xx_tim.o(.text)
    TIM_ForcedOC1Config                      0x080035af   Thumb Code    86  stm32f0xx_tim.o(.text)
    TIM_ForcedOC2Config                      0x08003605   Thumb Code    14  stm32f0xx_tim.o(.text)
    TIM_ForcedOC3Config                      0x08003613   Thumb Code    12  stm32f0xx_tim.o(.text)
    TIM_ForcedOC4Config                      0x0800361f   Thumb Code    14  stm32f0xx_tim.o(.text)
    TIM_CCPreloadControl                     0x0800362d   Thumb Code    20  stm32f0xx_tim.o(.text)
    TIM_OC1PreloadConfig                     0x08003641   Thumb Code    12  stm32f0xx_tim.o(.text)
    TIM_OC2PreloadConfig                     0x0800364d   Thumb Code    14  stm32f0xx_tim.o(.text)
    TIM_OC3PreloadConfig                     0x0800365b   Thumb Code    12  stm32f0xx_tim.o(.text)
    TIM_OC4PreloadConfig                     0x08003667   Thumb Code    14  stm32f0xx_tim.o(.text)
    TIM_OC1FastConfig                        0x08003675   Thumb Code    12  stm32f0xx_tim.o(.text)
    TIM_OC2FastConfig                        0x08003681   Thumb Code    14  stm32f0xx_tim.o(.text)
    TIM_OC3FastConfig                        0x0800368f   Thumb Code    12  stm32f0xx_tim.o(.text)
    TIM_OC4FastConfig                        0x0800369b   Thumb Code    14  stm32f0xx_tim.o(.text)
    TIM_ClearOC1Ref                          0x080036a9   Thumb Code    12  stm32f0xx_tim.o(.text)
    TIM_ClearOC2Ref                          0x080036b5   Thumb Code    14  stm32f0xx_tim.o(.text)
    TIM_ClearOC3Ref                          0x080036c3   Thumb Code    12  stm32f0xx_tim.o(.text)
    TIM_ClearOC4Ref                          0x080036cf   Thumb Code    14  stm32f0xx_tim.o(.text)
    TIM_OC1PolarityConfig                    0x080036dd   Thumb Code    12  stm32f0xx_tim.o(.text)
    TIM_OC1NPolarityConfig                   0x080036e9   Thumb Code    12  stm32f0xx_tim.o(.text)
    TIM_OC2PolarityConfig                    0x080036f5   Thumb Code    14  stm32f0xx_tim.o(.text)
    TIM_OC2NPolarityConfig                   0x08003703   Thumb Code    14  stm32f0xx_tim.o(.text)
    TIM_OC3PolarityConfig                    0x08003711   Thumb Code    14  stm32f0xx_tim.o(.text)
    TIM_OC3NPolarityConfig                   0x0800371f   Thumb Code    14  stm32f0xx_tim.o(.text)
    TIM_OC4PolarityConfig                    0x0800372d   Thumb Code    14  stm32f0xx_tim.o(.text)
    TIM_SelectOCREFClear                     0x0800373b   Thumb Code    16  stm32f0xx_tim.o(.text)
    TIM_CCxCmd                               0x0800374b   Thumb Code    22  stm32f0xx_tim.o(.text)
    TIM_CCxNCmd                              0x08003761   Thumb Code    22  stm32f0xx_tim.o(.text)
    TIM_SelectCOM                            0x08003777   Thumb Code    18  stm32f0xx_tim.o(.text)
    TIM_SetIC4Prescaler                      0x08003789   Thumb Code    18  stm32f0xx_tim.o(.text)
    TIM_SetIC3Prescaler                      0x0800379b   Thumb Code    16  stm32f0xx_tim.o(.text)
    TIM_SetIC2Prescaler                      0x080037ab   Thumb Code    18  stm32f0xx_tim.o(.text)
    TIM_SetIC1Prescaler                      0x080037e7   Thumb Code    16  stm32f0xx_tim.o(.text)
    TIM_ICInit                               0x0800381f   Thumb Code   162  stm32f0xx_tim.o(.text)
    TIM_ICStructInit                         0x080038c1   Thumb Code    16  stm32f0xx_tim.o(.text)
    TIM_PWMIConfig                           0x080038d1   Thumb Code   104  stm32f0xx_tim.o(.text)
    TIM_GetCapture1                          0x08003939   Thumb Code     4  stm32f0xx_tim.o(.text)
    TIM_GetCapture2                          0x0800393d   Thumb Code     4  stm32f0xx_tim.o(.text)
    TIM_GetCapture3                          0x08003941   Thumb Code     4  stm32f0xx_tim.o(.text)
    TIM_GetCapture4                          0x08003945   Thumb Code     4  stm32f0xx_tim.o(.text)
    TIM_ITConfig                             0x08003949   Thumb Code    16  stm32f0xx_tim.o(.text)
    TIM_GenerateEvent                        0x08003959   Thumb Code     4  stm32f0xx_tim.o(.text)
    TIM_GetFlagStatus                        0x0800395d   Thumb Code    14  stm32f0xx_tim.o(.text)
    TIM_ClearFlag                            0x0800396b   Thumb Code     6  stm32f0xx_tim.o(.text)
    TIM_GetITStatus                          0x08003971   Thumb Code    24  stm32f0xx_tim.o(.text)
    TIM_ClearITPendingBit                    0x08003989   Thumb Code     6  stm32f0xx_tim.o(.text)
    TIM_DMAConfig                            0x0800398f   Thumb Code     8  stm32f0xx_tim.o(.text)
    TIM_DMACmd                               0x08003997   Thumb Code    16  stm32f0xx_tim.o(.text)
    TIM_SelectCCDMA                          0x080039a7   Thumb Code    18  stm32f0xx_tim.o(.text)
    TIM_InternalClockConfig                  0x080039b9   Thumb Code    10  stm32f0xx_tim.o(.text)
    TIM_SelectInputTrigger                   0x080039c3   Thumb Code    12  stm32f0xx_tim.o(.text)
    TIM_ITRxExternalClockConfig              0x080039cf   Thumb Code    62  stm32f0xx_tim.o(.text)
    TIM_TIxExternalClockConfig               0x08003a0d   Thumb Code    48  stm32f0xx_tim.o(.text)
    TIM_ETRConfig                            0x08003a3d   Thumb Code    18  stm32f0xx_tim.o(.text)
    TIM_ETRClockMode1Config                  0x08003a4f   Thumb Code    28  stm32f0xx_tim.o(.text)
    TIM_ETRClockMode2Config                  0x08003a6b   Thumb Code    20  stm32f0xx_tim.o(.text)
    TIM_SelectOutputTrigger                  0x08003a7f   Thumb Code    16  stm32f0xx_tim.o(.text)
    TIM_SelectSlaveMode                      0x08003a8f   Thumb Code    16  stm32f0xx_tim.o(.text)
    TIM_SelectMasterSlaveMode                0x08003a9f   Thumb Code    16  stm32f0xx_tim.o(.text)
    TIM_EncoderInterfaceConfig               0x08003aaf   Thumb Code    42  stm32f0xx_tim.o(.text)
    TIM_SelectHallSensor                     0x08003ad9   Thumb Code    18  stm32f0xx_tim.o(.text)
    TIM_RemapConfig                          0x08003aeb   Thumb Code     6  stm32f0xx_tim.o(.text)
    DMA_DeInit                               0x08003af5   Thumb Code   100  stm32f0xx_dma.o(.text)
    DMA_Init                                 0x08003b59   Thumb Code    56  stm32f0xx_dma.o(.text)
    DMA_StructInit                           0x08003b91   Thumb Code    26  stm32f0xx_dma.o(.text)
    DMA_Cmd                                  0x08003bab   Thumb Code    20  stm32f0xx_dma.o(.text)
    DMA_SetCurrDataCounter                   0x08003bbf   Thumb Code     4  stm32f0xx_dma.o(.text)
    DMA_GetCurrDataCounter                   0x08003bc3   Thumb Code     6  stm32f0xx_dma.o(.text)
    DMA_ITConfig                             0x08003bc9   Thumb Code    16  stm32f0xx_dma.o(.text)
    DMA_GetFlagStatus                        0x08003bd9   Thumb Code    18  stm32f0xx_dma.o(.text)
    DMA_ClearFlag                            0x08003beb   Thumb Code     8  stm32f0xx_dma.o(.text)
    DMA_GetITStatus                          0x08003bf3   Thumb Code    18  stm32f0xx_dma.o(.text)
    DMA_ClearITPendingBit                    0x08003c05   Thumb Code     8  stm32f0xx_dma.o(.text)
    PWR_DeInit                               0x08003c19   Thumb Code    22  stm32f0xx_pwr.o(.text)
    PWR_BackupAccessCmd                      0x08003c2f   Thumb Code    20  stm32f0xx_pwr.o(.text)
    PWR_PVDLevelConfig                       0x08003c43   Thumb Code    14  stm32f0xx_pwr.o(.text)
    PWR_PVDCmd                               0x08003c51   Thumb Code    20  stm32f0xx_pwr.o(.text)
    PWR_WakeUpPinCmd                         0x08003c65   Thumb Code    18  stm32f0xx_pwr.o(.text)
    PWR_EnterSleepMode                       0x08003c77   Thumb Code    22  stm32f0xx_pwr.o(.text)
    PWR_EnterSTOPMode                        0x08003c8d   Thumb Code    40  stm32f0xx_pwr.o(.text)
    PWR_EnterSTANDBYMode                     0x08003cb5   Thumb Code    30  stm32f0xx_pwr.o(.text)
    PWR_GetFlagStatus                        0x08003cd3   Thumb Code    16  stm32f0xx_pwr.o(.text)
    PWR_ClearFlag                            0x08003ce3   Thumb Code    12  stm32f0xx_pwr.o(.text)
    FLASH_SetLatency                         0x08003cf9   Thumb Code    14  stm32f0xx_flash.o(.text)
    FLASH_PrefetchBufferCmd                  0x08003d07   Thumb Code    20  stm32f0xx_flash.o(.text)
    FLASH_GetPrefetchBufferStatus            0x08003d1b   Thumb Code    14  stm32f0xx_flash.o(.text)
    FLASH_Unlock                             0x08003d29   Thumb Code    18  stm32f0xx_flash.o(.text)
    FLASH_Lock                               0x08003d3b   Thumb Code    12  stm32f0xx_flash.o(.text)
    FLASH_GetStatus                          0x08003d47   Thumb Code    34  stm32f0xx_flash.o(.text)
    FLASH_WaitForLastOperation               0x08003d69   Thumb Code    34  stm32f0xx_flash.o(.text)
    FLASH_ErasePage                          0x08003d8b   Thumb Code    52  stm32f0xx_flash.o(.text)
    FLASH_EraseAllPages                      0x08003dbf   Thumb Code    48  stm32f0xx_flash.o(.text)
    FLASH_ProgramWord                        0x08003def   Thumb Code    70  stm32f0xx_flash.o(.text)
    FLASH_ProgramHalfWord                    0x08003e35   Thumb Code    48  stm32f0xx_flash.o(.text)
    FLASH_OB_Unlock                          0x08003e65   Thumb Code    18  stm32f0xx_flash.o(.text)
    FLASH_OB_Lock                            0x08003e77   Thumb Code    12  stm32f0xx_flash.o(.text)
    FLASH_OB_Launch                          0x08003e83   Thumb Code    14  stm32f0xx_flash.o(.text)
    FLASH_OB_GetRDP                          0x08003e91   Thumb Code    16  stm32f0xx_flash.o(.text)
    FLASH_OB_Erase                           0x08003ea1   Thumb Code   106  stm32f0xx_flash.o(.text)
    FLASH_OB_EnableWRP                       0x08003f0b   Thumb Code    80  stm32f0xx_flash.o(.text)
    FLASH_OB_RDPConfig                       0x08003f5b   Thumb Code    82  stm32f0xx_flash.o(.text)
    FLASH_OB_UserConfig                      0x08003fad   Thumb Code    64  stm32f0xx_flash.o(.text)
    FLASH_OB_BOOTConfig                      0x08003fed   Thumb Code    54  stm32f0xx_flash.o(.text)
    FLASH_OB_VDDAConfig                      0x08004023   Thumb Code    54  stm32f0xx_flash.o(.text)
    FLASH_OB_SRAMParityConfig                0x08004059   Thumb Code    54  stm32f0xx_flash.o(.text)
    FLASH_OB_WriteUser                       0x0800408f   Thumb Code    54  stm32f0xx_flash.o(.text)
    FLASH_ProgramOptionByteData              0x080040c5   Thumb Code    68  stm32f0xx_flash.o(.text)
    FLASH_OB_GetUser                         0x08004109   Thumb Code    10  stm32f0xx_flash.o(.text)
    FLASH_OB_GetWRP                          0x08004113   Thumb Code     6  stm32f0xx_flash.o(.text)
    FLASH_ITConfig                           0x08004119   Thumb Code    18  stm32f0xx_flash.o(.text)
    FLASH_GetFlagStatus                      0x0800412b   Thumb Code    16  stm32f0xx_flash.o(.text)
    FLASH_ClearFlag                          0x0800413b   Thumb Code     6  stm32f0xx_flash.o(.text)
    ADC_DeInit                               0x08004145   Thumb Code    28  stm32f0xx_adc.o(.text)
    ADC_Init                                 0x08004161   Thumb Code    38  stm32f0xx_adc.o(.text)
    ADC_StructInit                           0x08004187   Thumb Code    16  stm32f0xx_adc.o(.text)
    ADC_Cmd                                  0x08004197   Thumb Code    18  stm32f0xx_adc.o(.text)
    ADC_JitterCmd                            0x080041a9   Thumb Code    16  stm32f0xx_adc.o(.text)
    ADC_AutoPowerOffCmd                      0x080041b9   Thumb Code    20  stm32f0xx_adc.o(.text)
    ADC_WaitModeCmd                          0x080041cd   Thumb Code    20  stm32f0xx_adc.o(.text)
    ADC_AnalogWatchdogCmd                    0x080041e1   Thumb Code    20  stm32f0xx_adc.o(.text)
    ADC_AnalogWatchdogThresholdsConfig       0x080041f5   Thumb Code     8  stm32f0xx_adc.o(.text)
    ADC_AnalogWatchdogSingleChannelConfig    0x080041fd   Thumb Code    14  stm32f0xx_adc.o(.text)
    ADC_AnalogWatchdogSingleChannelCmd       0x0800420b   Thumb Code    20  stm32f0xx_adc.o(.text)
    ADC_TempSensorCmd                        0x0800421f   Thumb Code    22  stm32f0xx_adc.o(.text)
    ADC_VrefintCmd                           0x08004235   Thumb Code    22  stm32f0xx_adc.o(.text)
    ADC_VbatCmd                              0x0800424b   Thumb Code    22  stm32f0xx_adc.o(.text)
    ADC_ChannelConfig                        0x08004261   Thumb Code    10  stm32f0xx_adc.o(.text)
    ADC_ContinuousModeCmd                    0x0800426b   Thumb Code    20  stm32f0xx_adc.o(.text)
    ADC_DiscModeCmd                          0x0800427f   Thumb Code    20  stm32f0xx_adc.o(.text)
    ADC_OverrunModeCmd                       0x08004293   Thumb Code    20  stm32f0xx_adc.o(.text)
    ADC_GetCalibrationFactor                 0x080042a7   Thumb Code    46  stm32f0xx_adc.o(.text)
    ADC_StopOfConversion                     0x080042d5   Thumb Code    10  stm32f0xx_adc.o(.text)
    ADC_StartOfConversion                    0x080042df   Thumb Code    10  stm32f0xx_adc.o(.text)
    ADC_GetConversionValue                   0x080042e9   Thumb Code     6  stm32f0xx_adc.o(.text)
    ADC_DMACmd                               0x080042ef   Thumb Code    20  stm32f0xx_adc.o(.text)
    ADC_DMARequestModeConfig                 0x08004303   Thumb Code    16  stm32f0xx_adc.o(.text)
    ADC_ITConfig                             0x08004313   Thumb Code    16  stm32f0xx_adc.o(.text)
    ADC_GetFlagStatus                        0x08004323   Thumb Code    28  stm32f0xx_adc.o(.text)
    ADC_ClearFlag                            0x0800433f   Thumb Code     4  stm32f0xx_adc.o(.text)
    ADC_GetITStatus                          0x08004343   Thumb Code    22  stm32f0xx_adc.o(.text)
    ADC_ClearITPendingBit                    0x08004359   Thumb Code     4  stm32f0xx_adc.o(.text)
    EXTI_DeInit                              0x08004369   Thumb Code    20  stm32f0xx_exti.o(.text)
    EXTI_Init                                0x0800437d   Thumb Code   102  stm32f0xx_exti.o(.text)
    EXTI_StructInit                          0x080043e3   Thumb Code    14  stm32f0xx_exti.o(.text)
    EXTI_GenerateSWInterrupt                 0x080043f1   Thumb Code    10  stm32f0xx_exti.o(.text)
    EXTI_GetFlagStatus                       0x080043fb   Thumb Code    16  stm32f0xx_exti.o(.text)
    EXTI_ClearFlag                           0x0800440b   Thumb Code     6  stm32f0xx_exti.o(.text)
    EXTI_GetITStatus                         0x08004411   Thumb Code    24  stm32f0xx_exti.o(.text)
    EXTI_ClearITPendingBit                   0x08004429   Thumb Code     6  stm32f0xx_exti.o(.text)
    SYSCFG_DeInit                            0x0800443d   Thumb Code    30  stm32f0xx_syscfg.o(.text)
    SYSCFG_MemoryRemapConfig                 0x0800445b   Thumb Code    14  stm32f0xx_syscfg.o(.text)
    SYSCFG_DMAChannelRemapConfig             0x08004469   Thumb Code    18  stm32f0xx_syscfg.o(.text)
    SYSCFG_I2CFastModePlusConfig             0x0800447b   Thumb Code    18  stm32f0xx_syscfg.o(.text)
    SYSCFG_EXTILineConfig                    0x0800448d   Thumb Code    34  stm32f0xx_syscfg.o(.text)
    SYSCFG_BreakConfig                       0x080044af   Thumb Code    10  stm32f0xx_syscfg.o(.text)
    SYSCFG_GetFlagStatus                     0x080044b9   Thumb Code    14  stm32f0xx_syscfg.o(.text)
    SYSCFG_ClearFlag                         0x080044c7   Thumb Code    10  stm32f0xx_syscfg.o(.text)
    IWDG_WriteAccessCmd                      0x080044d5   Thumb Code     6  stm32f0xx_iwdg.o(.text)
    IWDG_SetPrescaler                        0x080044db   Thumb Code     6  stm32f0xx_iwdg.o(.text)
    IWDG_SetReload                           0x080044e1   Thumb Code     6  stm32f0xx_iwdg.o(.text)
    IWDG_ReloadCounter                       0x080044e7   Thumb Code     8  stm32f0xx_iwdg.o(.text)
    IWDG_SetWindowValue                      0x080044ef   Thumb Code     6  stm32f0xx_iwdg.o(.text)
    IWDG_Enable                              0x080044f5   Thumb Code     8  stm32f0xx_iwdg.o(.text)
    IWDG_GetFlagStatus                       0x080044fd   Thumb Code    16  stm32f0xx_iwdg.o(.text)
    RTC_WaitForSynchro                       0x08004519   Thumb Code    74  stm32f0xx_rtc.o(.text)
    RTC_EnterInitMode                        0x08004563   Thumb Code    56  stm32f0xx_rtc.o(.text)
    RTC_DeInit                               0x0800459b   Thumb Code    74  stm32f0xx_rtc.o(.text)
    RTC_ExitInitMode                         0x080045e5   Thumb Code    12  stm32f0xx_rtc.o(.text)
    RTC_Init                                 0x080045f1   Thumb Code    68  stm32f0xx_rtc.o(.text)
    RTC_StructInit                           0x08004635   Thumb Code    14  stm32f0xx_rtc.o(.text)
    RTC_WriteProtectionCmd                   0x08004643   Thumb Code    20  stm32f0xx_rtc.o(.text)
    RTC_RefClockCmd                          0x08004657   Thumb Code    54  stm32f0xx_rtc.o(.text)
    RTC_BypassShadowCmd                      0x0800468d   Thumb Code    34  stm32f0xx_rtc.o(.text)
    RTC_SetTime                              0x080046af   Thumb Code   142  stm32f0xx_rtc.o(.text)
    RTC_TimeStructInit                       0x0800473d   Thumb Code    12  stm32f0xx_rtc.o(.text)
    RTC_GetTime                              0x08004749   Thumb Code    70  stm32f0xx_rtc.o(.text)
    RTC_GetSubSecond                         0x0800478f   Thumb Code     8  stm32f0xx_rtc.o(.text)
    RTC_SetDate                              0x08004797   Thumb Code   140  stm32f0xx_rtc.o(.text)
    RTC_DateStructInit                       0x08004823   Thumb Code    14  stm32f0xx_rtc.o(.text)
    RTC_GetDate                              0x08004831   Thumb Code    72  stm32f0xx_rtc.o(.text)
    RTC_SetAlarm                             0x08004879   Thumb Code   152  stm32f0xx_rtc.o(.text)
    RTC_AlarmStructInit                      0x08004911   Thumb Code    20  stm32f0xx_rtc.o(.text)
    RTC_GetAlarm                             0x08004925   Thumb Code    90  stm32f0xx_rtc.o(.text)
    RTC_AlarmCmd                             0x0800497f   Thumb Code    74  stm32f0xx_rtc.o(.text)
    RTC_AlarmSubSecondConfig                 0x080049c9   Thumb Code    26  stm32f0xx_rtc.o(.text)
    RTC_GetAlarmSubSecond                    0x080049e3   Thumb Code    12  stm32f0xx_rtc.o(.text)
    RTC_DayLightSavingConfig                 0x080049ef   Thumb Code    36  stm32f0xx_rtc.o(.text)
    RTC_GetStoreOperation                    0x08004a13   Thumb Code    12  stm32f0xx_rtc.o(.text)
    RTC_OutputConfig                         0x08004a1f   Thumb Code    36  stm32f0xx_rtc.o(.text)
    RTC_CalibOutputCmd                       0x08004a43   Thumb Code    34  stm32f0xx_rtc.o(.text)
    RTC_CalibOutputConfig                    0x08004a65   Thumb Code    32  stm32f0xx_rtc.o(.text)
    RTC_SmoothCalibConfig                    0x08004a85   Thumb Code    60  stm32f0xx_rtc.o(.text)
    RTC_TimeStampCmd                         0x08004ac1   Thumb Code    36  stm32f0xx_rtc.o(.text)
    RTC_GetTimeStamp                         0x08004ae5   Thumb Code   126  stm32f0xx_rtc.o(.text)
    RTC_GetTimeStampSubSecond                0x08004b63   Thumb Code     6  stm32f0xx_rtc.o(.text)
    RTC_TamperTriggerConfig                  0x08004b69   Thumb Code    22  stm32f0xx_rtc.o(.text)
    RTC_TamperCmd                            0x08004b7f   Thumb Code    20  stm32f0xx_rtc.o(.text)
    RTC_TamperFilterConfig                   0x08004b93   Thumb Code    22  stm32f0xx_rtc.o(.text)
    RTC_TamperSamplingFreqConfig             0x08004ba9   Thumb Code    22  stm32f0xx_rtc.o(.text)
    RTC_TamperPinsPrechargeDuration          0x08004bbf   Thumb Code    22  stm32f0xx_rtc.o(.text)
    RTC_TimeStampOnTamperDetectionCmd        0x08004bd5   Thumb Code    22  stm32f0xx_rtc.o(.text)
    RTC_TamperPullUpCmd                      0x08004beb   Thumb Code    22  stm32f0xx_rtc.o(.text)
    RTC_WriteBackupRegister                  0x08004c01   Thumb Code    16  stm32f0xx_rtc.o(.text)
    RTC_ReadBackupRegister                   0x08004c11   Thumb Code    16  stm32f0xx_rtc.o(.text)
    RTC_OutputTypeConfig                     0x08004c21   Thumb Code    22  stm32f0xx_rtc.o(.text)
    RTC_SynchroShiftConfig                   0x08004c37   Thumb Code    72  stm32f0xx_rtc.o(.text)
    RTC_ITConfig                             0x08004c7f   Thumb Code    56  stm32f0xx_rtc.o(.text)
    RTC_GetFlagStatus                        0x08004cb7   Thumb Code    20  stm32f0xx_rtc.o(.text)
    RTC_ClearFlag                            0x08004ccb   Thumb Code    22  stm32f0xx_rtc.o(.text)
    RTC_GetITStatus                          0x08004ce1   Thumb Code    76  stm32f0xx_rtc.o(.text)
    RTC_ClearITPendingBit                    0x08004d2d   Thumb Code    22  stm32f0xx_rtc.o(.text)
    malloc                                   0x08004d71   Thumb Code    98  h1_alloc.o(.text)
    free                                     0x08004dd3   Thumb Code    76  h1_free.o(.text)
    __aeabi_memcpy                           0x08004e1f   Thumb Code   130  rt_memcpy.o(.text)
    __rt_memcpy                              0x08004e1f   Thumb Code     0  rt_memcpy.o(.text)
    __aeabi_memset                           0x08004ea1   Thumb Code    18  aeabi_memset.o(.text)
    _memset_w                                0x08004eb3   Thumb Code    26  rt_memclr.o(.text)
    _memset                                  0x08004ecd   Thumb Code    30  rt_memclr.o(.text)
    __aeabi_memclr                           0x08004eeb   Thumb Code     4  rt_memclr.o(.text)
    __rt_memclr                              0x08004eeb   Thumb Code     0  rt_memclr.o(.text)
    __aeabi_memclr4                          0x08004eef   Thumb Code     0  rt_memclr.o(.text)
    __aeabi_memclr8                          0x08004eef   Thumb Code     0  rt_memclr.o(.text)
    __rt_memclr_w                            0x08004eef   Thumb Code     4  rt_memclr.o(.text)
    __aeabi_uidiv                            0x08004ef3   Thumb Code     0  aeabi_sdiv.o(.text)
    __aeabi_uidivmod                         0x08004ef3   Thumb Code    20  aeabi_sdiv.o(.text)
    __aeabi_idiv                             0x08004f07   Thumb Code     0  aeabi_sdiv.o(.text)
    __aeabi_idivmod                          0x08004f07   Thumb Code   326  aeabi_sdiv.o(.text)
    __use_two_region_memory                  0x0800504d   Thumb Code     2  heapauxi.o(.text)
    __rt_heap_escrow                         0x0800504f   Thumb Code     2  heapauxi.o(.text)
    __rt_heap_expand                         0x08005051   Thumb Code     2  heapauxi.o(.text)
    __rt_heap_descriptor                     0x08005055   Thumb Code     8  rt_heap_descriptor_intlibspace.o(.text)
    __use_no_heap                            0x0800505d   Thumb Code     2  hguard.o(.text)
    __heap$guard                             0x0800505f   Thumb Code     2  hguard.o(.text)
    _terminate_user_alloc                    0x08005061   Thumb Code     2  init_alloc.o(.text)
    _init_user_alloc                         0x08005063   Thumb Code     2  init_alloc.o(.text)
    __Heap_Full                              0x08005065   Thumb Code    32  init_alloc.o(.text)
    __Heap_Broken                            0x08005085   Thumb Code    10  init_alloc.o(.text)
    _init_alloc                              0x0800508f   Thumb Code    90  init_alloc.o(.text)
    __Heap_Initialize                        0x080050e9   Thumb Code    10  h1_init.o(.text)
    __Heap_DescSize                          0x080050f3   Thumb Code     4  h1_init.o(.text)
    __user_libspace                          0x080050f9   Thumb Code     8  libspace.o(.text)
    __user_perproc_libspace                  0x080050f9   Thumb Code     0  libspace.o(.text)
    __user_perthread_libspace                0x080050f9   Thumb Code     0  libspace.o(.text)
    __Heap_ProvideMemory                     0x08005101   Thumb Code    52  h1_extend.o(.text)
    __rt_SIGRTMEM                            0x08005135   Thumb Code    12  defsig_rtmem_outer.o(.text)
    __I$use$semihosting                      0x08005141   Thumb Code     0  use_no_semi.o(.text)
    __use_no_semihosting_swi                 0x08005141   Thumb Code     2  use_no_semi.o(.text)
    __semihosting_library_function           0x08005143   Thumb Code     0  indicate_semi.o(.text)
    __user_setup_stackheap                   0x08005143   Thumb Code    62  sys_stackheap_outer.o(.text)
    exit                                     0x08005181   Thumb Code    16  exit.o(.text)
    __sig_exit                               0x08005191   Thumb Code    12  defsig_exit.o(.text)
    __rt_SIGRTMEM_inner                      0x0800519d   Thumb Code    22  defsig_rtmem_inner.o(.text)
    _sys_exit                                0x080051ed   Thumb Code     8  sys_exit.o(.text)
    __default_signal_display                 0x080051f9   Thumb Code    52  defsig_general.o(.text)
    _ttywrch                                 0x0800522d   Thumb Code    12  sys_wrch.o(.text)
    __ARM_common_switch8                     0x08005239   Thumb Code    26  hardware.o(i.__ARM_common_switch8)
    default_parameter_buf                    0x08005252   Data         436  main.o(.constdata)
    SW_VERSION                               0x08005406   Data           3  main.o(.constdata)
    Region$$Table$$Base                      0x0800540c   Number         0  anon$$obj.o(Region$$Table)
    Region$$Table$$Limit                     0x0800542c   Number         0  anon$$obj.o(Region$$Table)
    SystemCoreClock                          0x20000000   Data           4  system_stm32f0xx.o(.data)
    AHBPrescTable                            0x20000004   Data          16  system_stm32f0xx.o(.data)
    pwm1_state                               0x20000018   Data           1  comm_task.o(.data)
    pwm2_state                               0x20000019   Data           1  comm_task.o(.data)
    pwm3_state                               0x2000001a   Data           1  comm_task.o(.data)
    PWM1_numOfCycle                          0x2000001b   Data           1  comm_task.o(.data)
    PWM2_numOfCycle                          0x2000001c   Data           1  comm_task.o(.data)
    PWM3_numOfCycle                          0x2000001d   Data           1  comm_task.o(.data)
    PWM1_serial_cnt                          0x2000001e   Data           1  comm_task.o(.data)
    PWM2_serial_cnt                          0x2000001f   Data           1  comm_task.o(.data)
    PWM3_serial_cnt                          0x20000020   Data           1  comm_task.o(.data)
    start_motor_running1_cnt                 0x20000021   Data           1  comm_task.o(.data)
    start_motor_running2_cnt                 0x20000022   Data           1  comm_task.o(.data)
    start_motor_running3_cnt                 0x20000023   Data           1  comm_task.o(.data)
    b_pre_startting_motor1                   0x20000024   Data           1  comm_task.o(.data)
    b_pre_startting_motor2                   0x20000025   Data           1  comm_task.o(.data)
    b_pre_startting_motor3                   0x20000026   Data           1  comm_task.o(.data)
    state                                    0x20000027   Data           1  comm_task.o(.data)
    mode                                     0x20000028   Data           1  comm_task.o(.data)
    led_high_cnt                             0x20000029   Data           1  comm_task.o(.data)
    led_low_cnt                              0x2000002a   Data           1  comm_task.o(.data)
    flash_cnt                                0x2000002b   Data           1  comm_task.o(.data)
    switch_mode_cnt                          0x2000002c   Data           1  comm_task.o(.data)
    b_check_bnt_release                      0x2000002d   Data           1  comm_task.o(.data)
    release_btn_cnt                          0x2000002e   Data           1  comm_task.o(.data)
    PWM_waitBeforeStart_cnt                  0x20000034   Data           2  comm_task.o(.data)
    PWM1_period_cnt                          0x20000036   Data           2  comm_task.o(.data)
    PWM2_period_cnt                          0x20000038   Data           2  comm_task.o(.data)
    PWM3_period_cnt                          0x2000003a   Data           2  comm_task.o(.data)
    PWM1_waitBetween_cnt                     0x2000003c   Data           2  comm_task.o(.data)
    PWM2_waitBetween_cnt                     0x2000003e   Data           2  comm_task.o(.data)
    PWM3_waitBetween_cnt                     0x20000040   Data           2  comm_task.o(.data)
    PWM1_waitAfter_cnt                       0x20000042   Data           2  comm_task.o(.data)
    PWM2_waitAfter_cnt                       0x20000044   Data           2  comm_task.o(.data)
    PWM3_waitAfter_cnt                       0x20000046   Data           2  comm_task.o(.data)
    checkPressAgain_cnt                      0x20000048   Data           2  comm_task.o(.data)
    adc_pressure_value                       0x2000004c   Data           4  comm_task.o(.data)
    prev_WaitBeforeStart_os_tick             0x20000054   Data           4  comm_task.o(.data)
    prev_PWM1_os_tick                        0x20000058   Data           4  comm_task.o(.data)
    prev_PWM2_os_tick                        0x2000005c   Data           4  comm_task.o(.data)
    prev_PWM3_os_tick                        0x20000060   Data           4  comm_task.o(.data)
    p_prev_os_tick                           0x20000064   Data           4  comm_task.o(.data)
    check_sum                                0x20000088   Data           2  comm_task.o(.data)
    mcu_state                                0x2000008a   Data           1  key_led_task.o(.data)
    b_Is_PCB_PowerOn                         0x2000008b   Data           1  key_led_task.o(.data)
    key_state                                0x2000008c   Data           1  key_led_task.o(.data)
    led_state                                0x2000008d   Data           1  key_led_task.o(.data)
    b_check_BAT_ok                           0x2000008e   Data           1  key_led_task.o(.data)
    b_getHoneywellZeroPoint                  0x20000090   Data           1  honeywell_sampling_data.o(.data)
    honeywell_state                          0x20000091   Data           1  honeywell_sampling_data.o(.data)
    b_Start_Store_Data                       0x20000092   Data           1  honeywell_sampling_data.o(.data)
    HONEYWELL_ZERO_POINT                     0x20000094   Data           4  honeywell_sampling_data.o(.data)
    b_get_para                               0x20000098   Data           1  honeywell_sampling_data.o(.data)
    rcvParaSuccess                           0x20000099   Data           1  protocol_module.o(.data)
    g_uwDelayTime_ms                         0x2000009a   Data           2  common.o(.data)
    RegularConvData_Tab                      0x200000a0   Data           2  hardware.o(.data)
    AsynchPrediv                             0x200000a4   Data           4  rtc.o(.data)
    SynchPrediv                              0x200000a8   Data           4  rtc.o(.data)
    os_ticks                                 0x200000ac   Data           4  os_core.o(.data)
    sDataBuff                                0x200000c4   Data         300  comm_task.o(.bss)
    sBackBuff                                0x200001f0   Data         300  comm_task.o(.bss)
    g_CmdReceive                             0x2000031c   Data         144  comm_task.o(.bss)
    send_fifo                                0x200003ac   Data          12  comm_task.o(.bss)
    buffer                                   0x200003b8   Data         436  comm_task.o(.bss)
    send_buf                                 0x200005ff   Data         248  comm_task.o(.bss)
    parameter_buf                            0x200006f7   Data         436  comm_task.o(.bss)
    pageBuff                                 0x200008e8   Data        2048  protocol_module.o(.bss)
    task_array                               0x200010e8   Data         120  os_core.o(.bss)
    __libspace_start                         0x20001160   Data          96  libspace.o(.bss)
    __temporary_stack_top$libspace           0x200011c0   Data           0  libspace.o(.bss)



==============================================================================

Memory Map of the image

  Image Entry point : 0x08002759

  Load Region LR_1 (Base: 0x08000000, Size: 0x000054f0, Max: 0xffffffff, ABSOLUTE)

    Execution Region ER_RO (Exec base: 0x08000000, Load base: 0x08000000, Size: 0x0000542c, Max: 0xffffffff, ABSOLUTE)

    Exec Addr    Load Addr    Size         Type   Attr      Idx    E Section Name        Object

    0x08000000   0x08000000   0x000000c0   Data   RO          570    RESET               startup_stm32f0xx.o
    0x080000c0   0x080000c0   0x00000008   Code   RO          866  * !!!main             c_p.l(__main.o)
    0x080000c8   0x080000c8   0x0000003c   Code   RO         1079    !!!scatter          c_p.l(__scatter.o)
    0x08000104   0x08000104   0x0000001a   Code   RO         1081    !!handler_copy      c_p.l(__scatter_copy.o)
    0x0800011e   0x0800011e   0x00000002   PAD
    0x08000120   0x08000120   0x0000001c   Code   RO         1083    !!handler_zi        c_p.l(__scatter_zi.o)
    0x0800013c   0x0800013c   0x00000002   Code   RO         1017    .ARM.Collect$$libinit$$00000000  c_p.l(libinit.o)
    0x0800013e   0x0800013e   0x00000000   Code   RO          903    .ARM.Collect$$libinit$$00000002  c_p.l(libinit2.o)
    0x0800013e   0x0800013e   0x00000000   Code   RO          905    .ARM.Collect$$libinit$$00000004  c_p.l(libinit2.o)
    0x0800013e   0x0800013e   0x00000008   Code   RO          906    .ARM.Collect$$libinit$$00000005  c_p.l(libinit2.o)
    0x08000146   0x08000146   0x00000000   Code   RO          908    .ARM.Collect$$libinit$$0000000A  c_p.l(libinit2.o)
    0x08000146   0x08000146   0x00000000   Code   RO          910    .ARM.Collect$$libinit$$0000000C  c_p.l(libinit2.o)
    0x08000146   0x08000146   0x00000000   Code   RO          912    .ARM.Collect$$libinit$$0000000E  c_p.l(libinit2.o)
    0x08000146   0x08000146   0x00000000   Code   RO          915    .ARM.Collect$$libinit$$00000011  c_p.l(libinit2.o)
    0x08000146   0x08000146   0x00000000   Code   RO          917    .ARM.Collect$$libinit$$00000013  c_p.l(libinit2.o)
    0x08000146   0x08000146   0x00000000   Code   RO          919    .ARM.Collect$$libinit$$00000015  c_p.l(libinit2.o)
    0x08000146   0x08000146   0x00000000   Code   RO          921    .ARM.Collect$$libinit$$00000017  c_p.l(libinit2.o)
    0x08000146   0x08000146   0x00000000   Code   RO          923    .ARM.Collect$$libinit$$00000019  c_p.l(libinit2.o)
    0x08000146   0x08000146   0x00000000   Code   RO          925    .ARM.Collect$$libinit$$0000001B  c_p.l(libinit2.o)
    0x08000146   0x08000146   0x00000000   Code   RO          927    .ARM.Collect$$libinit$$0000001D  c_p.l(libinit2.o)
    0x08000146   0x08000146   0x00000000   Code   RO          929    .ARM.Collect$$libinit$$0000001F  c_p.l(libinit2.o)
    0x08000146   0x08000146   0x00000000   Code   RO          931    .ARM.Collect$$libinit$$00000021  c_p.l(libinit2.o)
    0x08000146   0x08000146   0x00000000   Code   RO          933    .ARM.Collect$$libinit$$00000023  c_p.l(libinit2.o)
    0x08000146   0x08000146   0x00000000   Code   RO          935    .ARM.Collect$$libinit$$00000025  c_p.l(libinit2.o)
    0x08000146   0x08000146   0x00000000   Code   RO          939    .ARM.Collect$$libinit$$0000002C  c_p.l(libinit2.o)
    0x08000146   0x08000146   0x00000000   Code   RO          941    .ARM.Collect$$libinit$$0000002E  c_p.l(libinit2.o)
    0x08000146   0x08000146   0x00000000   Code   RO          943    .ARM.Collect$$libinit$$00000030  c_p.l(libinit2.o)
    0x08000146   0x08000146   0x00000000   Code   RO          945    .ARM.Collect$$libinit$$00000032  c_p.l(libinit2.o)
    0x08000146   0x08000146   0x00000002   Code   RO          946    .ARM.Collect$$libinit$$00000033  c_p.l(libinit2.o)
    0x08000148   0x08000148   0x00000002   Code   RO         1076    .ARM.Collect$$libshutdown$$00000000  c_p.l(libshutdown.o)
    0x0800014a   0x0800014a   0x00000000   Code   RO         1034    .ARM.Collect$$libshutdown$$00000002  c_p.l(libshutdown2.o)
    0x0800014a   0x0800014a   0x00000000   Code   RO         1036    .ARM.Collect$$libshutdown$$00000004  c_p.l(libshutdown2.o)
    0x0800014a   0x0800014a   0x00000000   Code   RO         1039    .ARM.Collect$$libshutdown$$00000007  c_p.l(libshutdown2.o)
    0x0800014a   0x0800014a   0x00000000   Code   RO         1042    .ARM.Collect$$libshutdown$$0000000A  c_p.l(libshutdown2.o)
    0x0800014a   0x0800014a   0x00000000   Code   RO         1044    .ARM.Collect$$libshutdown$$0000000C  c_p.l(libshutdown2.o)
    0x0800014a   0x0800014a   0x00000000   Code   RO         1047    .ARM.Collect$$libshutdown$$0000000F  c_p.l(libshutdown2.o)
    0x0800014a   0x0800014a   0x00000002   Code   RO         1048    .ARM.Collect$$libshutdown$$00000010  c_p.l(libshutdown2.o)
    0x0800014c   0x0800014c   0x00000000   Code   RO          870    .ARM.Collect$$rtentry$$00000000  c_p.l(__rtentry.o)
    0x0800014c   0x0800014c   0x00000000   Code   RO          953    .ARM.Collect$$rtentry$$00000002  c_p.l(__rtentry2.o)
    0x0800014c   0x0800014c   0x00000006   Code   RO          965    .ARM.Collect$$rtentry$$00000004  c_p.l(__rtentry4.o)
    0x08000152   0x08000152   0x00000000   Code   RO          955    .ARM.Collect$$rtentry$$00000009  c_p.l(__rtentry2.o)
    0x08000152   0x08000152   0x00000004   Code   RO          956    .ARM.Collect$$rtentry$$0000000A  c_p.l(__rtentry2.o)
    0x08000156   0x08000156   0x00000000   Code   RO          958    .ARM.Collect$$rtentry$$0000000C  c_p.l(__rtentry2.o)
    0x08000156   0x08000156   0x00000008   Code   RO          959    .ARM.Collect$$rtentry$$0000000D  c_p.l(__rtentry2.o)
    0x0800015e   0x0800015e   0x00000002   Code   RO         1021    .ARM.Collect$$rtexit$$00000000  c_p.l(rtexit.o)
    0x08000160   0x08000160   0x00000000   Code   RO         1052    .ARM.Collect$$rtexit$$00000002  c_p.l(rtexit2.o)
    0x08000160   0x08000160   0x00000004   Code   RO         1053    .ARM.Collect$$rtexit$$00000003  c_p.l(rtexit2.o)
    0x08000164   0x08000164   0x00000006   Code   RO         1054    .ARM.Collect$$rtexit$$00000004  c_p.l(rtexit2.o)
    0x0800016a   0x0800016a   0x00000002   PAD
    0x0800016c   0x0800016c   0x00000038   Code   RO          852    .emb_text           c_p.l(rt_memcpy.o)
    0x080001a4   0x080001a4   0x00000000   Code   RO          971    .emb_text           c_p.l(maybetermalloc1.o)
    0x080001a4   0x080001a4   0x00000028   Code   RO            2    .text               main.o
    0x080001cc   0x080001cc   0x0000002c   Code   RO          105    .text               stm32f0xx_it.o
    0x080001f8   0x080001f8   0x0000013c   Code   RO          124    .text               system_stm32f0xx.o
    0x08000334   0x08000334   0x00000030   Code   RO          146    .text               iwtdg.o
    0x08000364   0x08000364   0x000000a8   Code   RO          184    .text               app.o
    0x0800040c   0x0800040c   0x000009d4   Code   RO          226    .text               comm_task.o
    0x08000de0   0x08000de0   0x000003c8   Code   RO          272    .text               key_led_task.o
    0x080011a8   0x080011a8   0x0000012c   Code   RO          307    .text               honeywell_sampling_data.o
    0x080012d4   0x080012d4   0x00000894   Code   RO          341    .text               protocol_module.o
    0x08001b68   0x08001b68   0x00000020   Code   RO          377    .text               common.o
    0x08001b88   0x08001b88   0x00000090   Code   RO          399    .text               delay.o
    0x08001c18   0x08001c18   0x000000a6   Code   RO          416    .text               fifo.o
    0x08001cbe   0x08001cbe   0x00000092   Code   RO          429    .text               cmd_receive.o
    0x08001d50   0x08001d50   0x00000120   Code   RO          452    .text               serial_port.o
    0x08001e70   0x08001e70   0x00000274   Code   RO          468    .text               i2c.o
    0x080020e4   0x080020e4   0x00000330   Code   RO          485    .text               hardware.o
    0x08002414   0x08002414   0x00000184   Code   RO          511    .text               motor_pwm.o
    0x08002598   0x08002598   0x0000010c   Code   RO          527    .text               rtc.o
    0x080026a4   0x080026a4   0x000000b4   Code   RO          547    .text               os_core.o
    0x08002758   0x08002758   0x00000038   Code   RO          571  * .text               startup_stm32f0xx.o
    0x08002790   0x08002790   0x0000015c   Code   RO          576    .text               stm32f0xx_gpio.o
    0x080028ec   0x080028ec   0x0000040c   Code   RO          592    .text               stm32f0xx_rcc.o
    0x08002cf8   0x08002cf8   0x0000007c   Code   RO          610    .text               stm32f0xx_misc.o
    0x08002d74   0x08002d74   0x00000462   Code   RO          626    .text               stm32f0xx_usart.o
    0x080031d6   0x080031d6   0x00000002   PAD
    0x080031d8   0x080031d8   0x0000091c   Code   RO          642    .text               stm32f0xx_tim.o
    0x08003af4   0x08003af4   0x00000124   Code   RO          659    .text               stm32f0xx_dma.o
    0x08003c18   0x08003c18   0x000000e0   Code   RO          675    .text               stm32f0xx_pwr.o
    0x08003cf8   0x08003cf8   0x0000044c   Code   RO          691    .text               stm32f0xx_flash.o
    0x08004144   0x08004144   0x00000224   Code   RO          708    .text               stm32f0xx_adc.o
    0x08004368   0x08004368   0x000000d4   Code   RO          724    .text               stm32f0xx_exti.o
    0x0800443c   0x0800443c   0x00000098   Code   RO          740    .text               stm32f0xx_syscfg.o
    0x080044d4   0x080044d4   0x00000044   Code   RO          756    .text               stm32f0xx_iwdg.o
    0x08004518   0x08004518   0x00000858   Code   RO          772    .text               stm32f0xx_rtc.o
    0x08004d70   0x08004d70   0x00000062   Code   RO          794    .text               c_p.l(h1_alloc.o)
    0x08004dd2   0x08004dd2   0x0000004c   Code   RO          796    .text               c_p.l(h1_free.o)
    0x08004e1e   0x08004e1e   0x00000082   Code   RO          853    .text               c_p.l(rt_memcpy.o)
    0x08004ea0   0x08004ea0   0x00000012   Code   RO          856    .text               c_p.l(aeabi_memset.o)
    0x08004eb2   0x08004eb2   0x00000040   Code   RO          858    .text               c_p.l(rt_memclr.o)
    0x08004ef2   0x08004ef2   0x0000015a   Code   RO          860    .text               c_p.l(aeabi_sdiv.o)
    0x0800504c   0x0800504c   0x00000006   Code   RO          864    .text               c_p.l(heapauxi.o)
    0x08005052   0x08005052   0x00000002   PAD
    0x08005054   0x08005054   0x00000008   Code   RO          878    .text               c_p.l(rt_heap_descriptor_intlibspace.o)
    0x0800505c   0x0800505c   0x00000004   Code   RO          880    .text               c_p.l(hguard.o)
    0x08005060   0x08005060   0x00000088   Code   RO          882    .text               c_p.l(init_alloc.o)
    0x080050e8   0x080050e8   0x0000000e   Code   RO          886    .text               c_p.l(h1_init.o)
    0x080050f6   0x080050f6   0x00000002   PAD
    0x080050f8   0x080050f8   0x00000008   Code   RO          949    .text               c_p.l(libspace.o)
    0x08005100   0x08005100   0x00000034   Code   RO          973    .text               c_p.l(h1_extend.o)
    0x08005134   0x08005134   0x0000000c   Code   RO          977    .text               c_p.l(defsig_rtmem_outer.o)
    0x08005140   0x08005140   0x00000002   Code   RO          988    .text               c_p.l(use_no_semi.o)
    0x08005142   0x08005142   0x00000000   Code   RO          990    .text               c_p.l(indicate_semi.o)
    0x08005142   0x08005142   0x0000003e   Code   RO          991    .text               c_p.l(sys_stackheap_outer.o)
    0x08005180   0x08005180   0x00000010   Code   RO          998    .text               c_p.l(exit.o)
    0x08005190   0x08005190   0x0000000c   Code   RO         1000    .text               c_p.l(defsig_exit.o)
    0x0800519c   0x0800519c   0x00000050   Code   RO         1006    .text               c_p.l(defsig_rtmem_inner.o)
    0x080051ec   0x080051ec   0x0000000c   Code   RO         1018    .text               c_p.l(sys_exit.o)
    0x080051f8   0x080051f8   0x00000034   Code   RO         1029    .text               c_p.l(defsig_general.o)
    0x0800522c   0x0800522c   0x0000000c   Code   RO         1049    .text               c_p.l(sys_wrch.o)
    0x08005238   0x08005238   0x0000001a   Code   RO          501    i.__ARM_common_switch8  hardware.o
    0x08005252   0x08005252   0x000001b4   Data   RO            3    .constdata          main.o
    0x08005406   0x08005406   0x00000003   Data   RO            4    .constdata          main.o
    0x08005409   0x08005409   0x00000003   PAD
    0x0800540c   0x0800540c   0x00000020   Data   RO         1077    Region$$Table       anon$$obj.o


    Execution Region ER_RW (Exec base: 0x20000000, Load base: 0x0800542c, Size: 0x000000c4, Max: 0xffffffff, ABSOLUTE)

    Exec Addr    Load Addr    Size         Type   Attr      Idx    E Section Name        Object

    0x20000000   0x0800542c   0x00000014   Data   RW          125    .data               system_stm32f0xx.o
    0x20000014   0x08005440   0x00000074   Data   RW          230    .data               comm_task.o
    0x20000088   0x080054b4   0x00000002   Data   RW          233    .data               comm_task.o
    0x2000008a   0x080054b6   0x00000006   Data   RW          273    .data               key_led_task.o
    0x20000090   0x080054bc   0x00000008   Data   RW          309    .data               honeywell_sampling_data.o
    0x20000098   0x080054c4   0x00000001   Data   RW          310    .data               honeywell_sampling_data.o
    0x20000099   0x080054c5   0x00000001   Data   RW          343    .data               protocol_module.o
    0x2000009a   0x080054c6   0x00000002   Data   RW          378    .data               common.o
    0x2000009c   0x080054c8   0x00000004   Data   RW          400    .data               delay.o
    0x200000a0   0x080054cc   0x00000002   Data   RW          487    .data               hardware.o
    0x200000a2   0x080054ce   0x00000002   PAD
    0x200000a4   0x080054d0   0x00000008   Data   RW          528    .data               rtc.o
    0x200000ac   0x080054d8   0x00000008   Data   RW          549    .data               os_core.o
    0x200000b4   0x080054e0   0x00000010   Data   RW          593    .data               stm32f0xx_rcc.o


    Execution Region ER_ZI (Exec base: 0x200000c4, Load base: 0x080054f0, Size: 0x000016fc, Max: 0xffffffff, ABSOLUTE)

    Exec Addr    Load Addr    Size         Type   Attr      Idx    E Section Name        Object

    0x200000c4        -       0x0000053b   Zero   RW          227    .bss                comm_task.o
    0x200005ff        -       0x000000f8   Zero   RW          228    .bss                comm_task.o
    0x200006f7        -       0x000001b4   Zero   RW          229    .bss                comm_task.o
    0x200008ab        -       0x0000003c   Zero   RW          308    .bss                honeywell_sampling_data.o
    0x200008e7   0x080054f0   0x00000001   PAD
    0x200008e8        -       0x00000800   Zero   RW          342    .bss                protocol_module.o
    0x200010e8        -       0x00000078   Zero   RW          548    .bss                os_core.o
    0x20001160        -       0x00000060   Zero   RW          950    .bss                c_p.l(libspace.o)
    0x200011c0        -       0x00000200   Zero   RW          569    HEAP                startup_stm32f0xx.o
    0x200013c0        -       0x00000400   Zero   RW          568    STACK               startup_stm32f0xx.o


==============================================================================

Image component sizes


      Code (inc. data)   RO Data    RW Data    ZI Data      Debug   Object Name

       168         42          0          0          0      16471   app.o
       146          0          0          0          0       3070   cmd_receive.o
      2516        126          0        118       2023      12291   comm_task.o
        32          4          0          2          0       1517   common.o
       144         16          0          4          0       1075   delay.o
       166          0          0          0          0       2163   fifo.o
       842         40          0          2          0       4958   hardware.o
       300         22          0          9         60       3946   honeywell_sampling_data.o
       628         10          0          0          0       3204   i2c.o
        48          6          0          0          0      92811   iwtdg.o
       968        106          0          6          0       8644   key_led_task.o
        40          4        439          0          0      59053   main.o
       388         26          0          0          0       2121   motor_pwm.o
       180          8          0          8        120       2452   os_core.o
      2196         64          0          1       2048      15852   protocol_module.o
       268          4          0          8          0       2230   rtc.o
       288         10          0          0          0       1833   serial_port.o
        56         26        192          0       1536        632   startup_stm32f0xx.o
       548         12          0          0          0       7163   stm32f0xx_adc.o
       292         12          0          0          0       3638   stm32f0xx_dma.o
       212         14          0          0          0       2363   stm32f0xx_exti.o
      1100         20          0          0          0       8070   stm32f0xx_flash.o
       348         22          0          0          0       3869   stm32f0xx_gpio.o
        44          4          0          0          0        968   stm32f0xx_it.o
        68         12          0          0          0       1477   stm32f0xx_iwdg.o
       124         16          0          0          0       1404   stm32f0xx_misc.o
       224         10          0          0          0       2210   stm32f0xx_pwr.o
      1036         38          0         16          0       8802   stm32f0xx_rcc.o
      2136         50          0          0          0      13782   stm32f0xx_rtc.o
       152          4          0          0          0       2038   stm32f0xx_syscfg.o
      2332        122          0          0          0      22563   stm32f0xx_tim.o
      1122         12          0          0          0      12575   stm32f0xx_usart.o
       316         28          0         20          0       1647   system_stm32f0xx.o

    ----------------------------------------------------------------------
     19430        890        666        196       5788     326892   Object Totals
         0          0         32          0          0          0   (incl. Generated)
         2          0          3          2          1          0   (incl. Padding)

    ----------------------------------------------------------------------

      Code (inc. data)   RO Data    RW Data    ZI Data      Debug   Library Member Name

         8          0          0          0          0         68   __main.o
         0          0          0          0          0          0   __rtentry.o
        12          0          0          0          0          0   __rtentry2.o
         6          0          0          0          0          0   __rtentry4.o
        60          8          0          0          0          0   __scatter.o
        26          0          0          0          0          0   __scatter_copy.o
        28          0          0          0          0          0   __scatter_zi.o
        18          0          0          0          0         68   aeabi_memset.o
       346          0          0          0          0         92   aeabi_sdiv.o
        12          0          0          0          0         68   defsig_exit.o
        52          0          0          0          0         72   defsig_general.o
        80         58          0          0          0         68   defsig_rtmem_inner.o
        12          0          0          0          0         68   defsig_rtmem_outer.o
        16          0          0          0          0         68   exit.o
        98          0          0          0          0         72   h1_alloc.o
        52          0          0          0          0         68   h1_extend.o
        76          0          0          0          0         72   h1_free.o
        14          0          0          0          0         76   h1_init.o
         6          0          0          0          0        136   heapauxi.o
         4          0          0          0          0        120   hguard.o
         0          0          0          0          0          0   indicate_semi.o
       136          0          0          0          0        160   init_alloc.o
         2          0          0          0          0          0   libinit.o
        10          0          0          0          0          0   libinit2.o
         2          0          0          0          0          0   libshutdown.o
         2          0          0          0          0          0   libshutdown2.o
         8          4          0          0         96         68   libspace.o
         0          0          0          0          0          0   maybetermalloc1.o
         8          4          0          0          0         68   rt_heap_descriptor_intlibspace.o
        64          0          0          0          0        108   rt_memclr.o
       186          0          0          0          0        144   rt_memcpy.o
         2          0          0          0          0          0   rtexit.o
        10          0          0          0          0          0   rtexit2.o
        12          4          0          0          0         60   sys_exit.o
        62          0          0          0          0         80   sys_stackheap_outer.o
        12          0          0          0          0         68   sys_wrch.o
         2          0          0          0          0         68   use_no_semi.o

    ----------------------------------------------------------------------
      1452         78          0          0         96       1940   Library Totals
         8          0          0          0          0          0   (incl. Padding)

    ----------------------------------------------------------------------

      Code (inc. data)   RO Data    RW Data    ZI Data      Debug   Library Name

      1444         78          0          0         96       1940   c_p.l

    ----------------------------------------------------------------------
      1452         78          0          0         96       1940   Library Totals

    ----------------------------------------------------------------------

==============================================================================


      Code (inc. data)   RO Data    RW Data    ZI Data      Debug   

     20882        968        666        196       5884     324052   Grand Totals
     20882        968        666        196       5884     324052   ELF Image Totals
     20882        968        666        196          0          0   ROM Totals

==============================================================================

    Total RO  Size (Code + RO Data)                21548 (  21.04kB)
    Total RW  Size (RW Data + ZI Data)              6080 (   5.94kB)
    Total ROM Size (Code + RO Data + RW Data)      21744 (  21.23kB)

==============================================================================

